Archive member included to satisfy reference by file (symbol)

/home/sukhvir/Documents/MCUXpresso_10.3.1_2233/workspace/LPC54114J256_Project/libs/libpower_cm4_hardabi.a(fsl_power_lib.o)
                              ./drivers/fsl_clock.o (POWER_SetVoltageForFreq)
/usr/local/mcuxpressoide-10.3.1_2233/ide/plugins/com.nxp.mcuxpresso.tools.linux_10.3.0.201811011841/tools/bin/../lib/gcc/arm-none-eabi/7.3.1/../../../../arm-none-eabi/lib/thumb/v7e-m/fpv4-sp/hard/libcr_semihost_nf.a(_cr__main.o)
                              ./startup/startup_lpc5411x.o (__main)
/usr/local/mcuxpressoide-10.3.1_2233/ide/plugins/com.nxp.mcuxpresso.tools.linux_10.3.0.201811011841/tools/bin/../lib/gcc/arm-none-eabi/7.3.1/../../../../arm-none-eabi/lib/thumb/v7e-m/fpv4-sp/hard/libcr_semihost_nf.a(_cr_assert.o)
                              ./utilities/fsl_debug_console.o (__assertion_failed)
/usr/local/mcuxpressoide-10.3.1_2233/ide/plugins/com.nxp.mcuxpresso.tools.linux_10.3.0.201811011841/tools/bin/../lib/gcc/arm-none-eabi/7.3.1/../../../../arm-none-eabi/lib/thumb/v7e-m/fpv4-sp/hard/libcr_semihost_nf.a(__ciob.o)
                              /usr/local/mcuxpressoide-10.3.1_2233/ide/plugins/com.nxp.mcuxpresso.tools.linux_10.3.0.201811011841/tools/bin/../lib/gcc/arm-none-eabi/7.3.1/../../../../arm-none-eabi/lib/thumb/v7e-m/fpv4-sp/hard/libcr_semihost_nf.a(_cr_assert.o) (__Ciob)
/usr/local/mcuxpressoide-10.3.1_2233/ide/plugins/com.nxp.mcuxpresso.tools.linux_10.3.0.201811011841/tools/bin/../lib/gcc/arm-none-eabi/7.3.1/../../../../arm-none-eabi/lib/thumb/v7e-m/fpv4-sp/hard/libcr_semihost_nf.a(__sys_appexit.o)
                              /usr/local/mcuxpressoide-10.3.1_2233/ide/plugins/com.nxp.mcuxpresso.tools.linux_10.3.0.201811011841/tools/bin/../lib/gcc/arm-none-eabi/7.3.1/../../../../arm-none-eabi/lib/thumb/v7e-m/fpv4-sp/hard/libcr_semihost_nf.a(_cr_assert.o) (__sys_appexit)
/usr/local/mcuxpressoide-10.3.1_2233/ide/plugins/com.nxp.mcuxpresso.tools.linux_10.3.0.201811011841/tools/bin/../lib/gcc/arm-none-eabi/7.3.1/../../../../arm-none-eabi/lib/thumb/v7e-m/fpv4-sp/hard/libcr_c.a(memcpy.o)
                              ./rpmsg_lite/env/freertos/rpmsg_env_freertos.o (memcpy)
/usr/local/mcuxpressoide-10.3.1_2233/ide/plugins/com.nxp.mcuxpresso.tools.linux_10.3.0.201811011841/tools/bin/../lib/gcc/arm-none-eabi/7.3.1/../../../../arm-none-eabi/lib/thumb/v7e-m/fpv4-sp/hard/libcr_c.a(memset.o)
                              ./utilities/fsl_debug_console.o (memset)
/usr/local/mcuxpressoide-10.3.1_2233/ide/plugins/com.nxp.mcuxpresso.tools.linux_10.3.0.201811011841/tools/bin/../lib/gcc/arm-none-eabi/7.3.1/../../../../arm-none-eabi/lib/thumb/v7e-m/fpv4-sp/hard/libcr_c.a(_deferredlazyseek.o)
                              /usr/local/mcuxpressoide-10.3.1_2233/ide/plugins/com.nxp.mcuxpresso.tools.linux_10.3.0.201811011841/tools/bin/../lib/gcc/arm-none-eabi/7.3.1/../../../../arm-none-eabi/lib/thumb/v7e-m/fpv4-sp/hard/libcr_semihost_nf.a(_cr_assert.o) (__flsbuf)
/usr/local/mcuxpressoide-10.3.1_2233/ide/plugins/com.nxp.mcuxpresso.tools.linux_10.3.0.201811011841/tools/bin/../lib/gcc/arm-none-eabi/7.3.1/../../../../arm-none-eabi/lib/thumb/v7e-m/fpv4-sp/hard/libcr_c.a(_fflush.o)
                              /usr/local/mcuxpressoide-10.3.1_2233/ide/plugins/com.nxp.mcuxpresso.tools.linux_10.3.0.201811011841/tools/bin/../lib/gcc/arm-none-eabi/7.3.1/../../../../arm-none-eabi/lib/thumb/v7e-m/fpv4-sp/hard/libcr_c.a(_deferredlazyseek.o) (_fflush)
/usr/local/mcuxpressoide-10.3.1_2233/ide/plugins/com.nxp.mcuxpresso.tools.linux_10.3.0.201811011841/tools/bin/../lib/gcc/arm-none-eabi/7.3.1/../../../../arm-none-eabi/lib/thumb/v7e-m/fpv4-sp/hard/libcr_c.a(_writebuf.o)
                              /usr/local/mcuxpressoide-10.3.1_2233/ide/plugins/com.nxp.mcuxpresso.tools.linux_10.3.0.201811011841/tools/bin/../lib/gcc/arm-none-eabi/7.3.1/../../../../arm-none-eabi/lib/thumb/v7e-m/fpv4-sp/hard/libcr_c.a(_deferredlazyseek.o) (_Cwritebuf)
/usr/local/mcuxpressoide-10.3.1_2233/ide/plugins/com.nxp.mcuxpresso.tools.linux_10.3.0.201811011841/tools/bin/../lib/gcc/arm-none-eabi/7.3.1/../../../../arm-none-eabi/lib/thumb/v7e-m/fpv4-sp/hard/libcr_c.a(alloc.o)
                              ./rpmsg_lite/env/bm/rpmsg_env_bm.o (malloc)
/usr/local/mcuxpressoide-10.3.1_2233/ide/plugins/com.nxp.mcuxpresso.tools.linux_10.3.0.201811011841/tools/bin/../lib/gcc/arm-none-eabi/7.3.1/../../../../arm-none-eabi/lib/thumb/v7e-m/fpv4-sp/hard/libcr_c.a(fputs.o)
                              /usr/local/mcuxpressoide-10.3.1_2233/ide/plugins/com.nxp.mcuxpresso.tools.linux_10.3.0.201811011841/tools/bin/../lib/gcc/arm-none-eabi/7.3.1/../../../../arm-none-eabi/lib/thumb/v7e-m/fpv4-sp/hard/libcr_semihost_nf.a(_cr_assert.o) (fputs)
/usr/local/mcuxpressoide-10.3.1_2233/ide/plugins/com.nxp.mcuxpresso.tools.linux_10.3.0.201811011841/tools/bin/../lib/gcc/arm-none-eabi/7.3.1/../../../../arm-none-eabi/lib/thumb/v7e-m/fpv4-sp/hard/libcr_c.a(fseek.o)
[...]
Memory Configuration

Name             Origin             Length             Attributes
PROGRAM_FLASH    0x0000000000000000 0x0000000000040000 xr
SRAM1            0x0000000020010000 0x0000000000010000 xrw
SRAM0            0x0000000020000000 0x0000000000010000 xrw
SRAMX            0x0000000004000000 0x0000000000008000 xrw
SRAM2            0x0000000020020000 0x0000000000008000 xrw
*default*        0x0000000000000000 0xffffffffffffffff

Linker script and memory map

LOAD ./utilities/fsl_debug_console.o
LOAD ./utilities/fsl_str.o
LOAD ./startup/boot_multicore_slave.o
LOAD ./startup/startup_lpc5411x.o
LOAD ./source/LPC54114J256_Project.o
LOAD ./source/semihost_hardfault.o
LOAD ./rpmsg_lite/porting/rpmsg_platform.o
LOAD ./rpmsg_lite/env/freertos/rpmsg_env_freertos.o
LOAD ./rpmsg_lite/env/freertos/rpmsg_queue.o
LOAD ./rpmsg_lite/env/bm/rpmsg_env_bm.o
LOAD ./rpmsg_lite/llist.o
LOAD ./rpmsg_lite/rpmsg_lite.o
LOAD ./rpmsg_lite/rpmsg_ns.o
LOAD ./rpmsg_lite/virtqueue.o
LOAD ./mcmgr/mcmgr.o
LOAD ./mcmgr/mcmgr_internal_core_api_lpc54114.o
LOAD ./drivers/fsl_clock.o
LOAD ./drivers/fsl_common.o
LOAD ./drivers/fsl_ctimer.o
LOAD ./drivers/fsl_flexcomm.o
LOAD ./drivers/fsl_gpio.o
LOAD ./drivers/fsl_power.o
LOAD ./drivers/fsl_reset.o
LOAD ./drivers/fsl_usart.o
LOAD ./device/system_LPC54114_cm4.o
LOAD ./component/uart/usart_adapter.o
LOAD ./component/serial_manager/serial_manager.o
LOAD ./component/serial_manager/serial_port_uart.o
LOAD ./board/board.o
LOAD ./board/clock_config.o
LOAD ./board/peripherals.o
LOAD ./board/pin_mux.o
LOAD ./amazon-freertos/FreeRTOS/portable/fsl_tickless_systick.o
LOAD ./amazon-freertos/FreeRTOS/portable/heap_4.o
LOAD ./amazon-freertos/FreeRTOS/portable/port.o
LOAD ./amazon-freertos/FreeRTOS/event_groups.o
LOAD ./amazon-freertos/FreeRTOS/list.o
LOAD ./amazon-freertos/FreeRTOS/queue.o
LOAD ./amazon-freertos/FreeRTOS/stream_buffer.o
LOAD ./amazon-freertos/FreeRTOS/tasks.o
LOAD ./amazon-freertos/FreeRTOS/timers.o
LOAD /home/sukhvir/Documents/MCUXpresso_10.3.1_2233/workspace/LPC54114J256_Project/libs/libpower_cm4_hardabi.a
START GROUP
LOAD /usr/local/mcuxpressoide-10.3.1_2233/ide/plugins/com.nxp.mcuxpresso.tools.linux_10.3.0.201811011841/tools/bin/../lib/gcc/arm-none-eabi/7.3.1/../../../../arm-none-eabi/lib/thumb/v7e-m/fpv4-sp/hard/libcr_semihost_nf.a
LOAD /usr/local/mcuxpressoide-10.3.1_2233/ide/plugins/com.nxp.mcuxpresso.tools.linux_10.3.0.201811011841/tools/bin/../lib/gcc/arm-none-eabi/7.3.1/../../../../arm-none-eabi/lib/thumb/v7e-m/fpv4-sp/hard/libcr_c.a
LOAD /usr/local/mcuxpressoide-10.3.1_2233/ide/plugins/com.nxp.mcuxpresso.tools.linux_10.3.0.201811011841/tools/bin/../lib/gcc/arm-none-eabi/7.3.1/thumb/v7e-m/fpv4-sp/hard/libcr_eabihelpers.a
LOAD /usr/local/mcuxpressoide-10.3.1_2233/ide/plugins/com.nxp.mcuxpresso.tools.linux_10.3.0.201811011841/tools/bin/../lib/gcc/arm-none-eabi/7.3.1/thumb/v7e-m/fpv4-sp/hard/libgcc.a
END GROUP
                0x0000000000000000                __base_PROGRAM_FLASH = 0x0
                0x0000000000000000                __base_Flash = 0x0
                0x0000000000040000                __top_PROGRAM_FLASH = 0x40000
                0x0000000000040000                __top_Flash = 0x40000
                0x0000000020010000                __base_SRAM1 = 0x20010000
                0x0000000020010000                __base_RAM = 0x20010000
                0x0000000020020000                __top_SRAM1 = 0x20020000
                0x0000000020020000                __top_RAM = 0x20020000
                0x0000000020000000                __base_SRAM0 = 0x20000000
                0x0000000020000000                __base_RAM2 = 0x20000000
                0x0000000020010000                __top_SRAM0 = 0x20010000
                0x0000000020010000                __top_RAM2 = 0x20010000
                0x0000000004000000                __base_SRAMX = 0x4000000
                0x0000000004000000                __base_RAM3 = 0x4000000
                0x0000000004008000                __top_SRAMX = 0x4008000
                0x0000000004008000                __top_RAM3 = 0x4008000
                0x0000000020020000                __base_SRAM2 = 0x20020000
                0x0000000020020000                __base_RAM4 = 0x20020000
                0x0000000020028000                __top_SRAM2 = 0x20028000
                0x0000000020028000                __top_RAM4 = 0x20028000

.text           0x0000000000000000     0x4b60
 FILL mask 0xff
                0x0000000000000000                __vectors_start__ = ABSOLUTE (.)
 *(SORT_BY_ALIGNMENT(.isr_vector))
 .isr_vector    0x0000000000000000       0xe0 ./startup/startup_lpc5411x.o
                0x0000000000000000                __Vectors
                0x0000000000000000                g_pfnVectors
                0x00000000000000e0                . = ALIGN (0x4)
                0x00000000000000e0                __section_table_start = .
                0x00000000000000e0                __data_section_table = .
                0x00000000000000e0        0x4 LONG 0x4b60 LOADADDR (.data)
                0x00000000000000e4        0x4 LONG 0x20010000 ADDR (.data)
                0x00000000000000e8        0x4 LONG 0x4 SIZEOF (.data)
                0x00000000000000ec        0x4 LONG 0x4b60 LOADADDR (.data_RAM2)
                0x00000000000000f0        0x4 LONG 0x20000000 ADDR (.data_RAM2)
                0x00000000000000f4        0x4 LONG 0x0 SIZEOF (.data_RAM2)
                0x00000000000000f8        0x4 LONG 0x4b60 LOADADDR (.data_RAM3)
                0x00000000000000fc        0x4 LONG 0x4000000 ADDR (.data_RAM3)
                0x0000000000000100        0x4 LONG 0x0 SIZEOF (.data_RAM3)
                0x0000000000000104        0x4 LONG 0x4b60 LOADADDR (.data_RAM4)
                0x0000000000000108        0x4 LONG 0x20020000 ADDR (.data_RAM4)
                0x000000000000010c        0x4 LONG 0x0 SIZEOF (.data_RAM4)
                0x0000000000000110                __data_section_table_end = .
                0x0000000000000110                __bss_section_table = .
                0x0000000000000110        0x4 LONG 0x20010004 ADDR (.bss)
                0x0000000000000114        0x4 LONG 0x218 SIZEOF (.bss)
                0x0000000000000118        0x4 LONG 0x20000000 ADDR (.bss_RAM2)
                0x000000000000011c        0x4 LONG 0x0 SIZEOF (.bss_RAM2)
                0x0000000000000120        0x4 LONG 0x4000000 ADDR (.bss_RAM3)
                0x0000000000000124        0x4 LONG 0x0 SIZEOF (.bss_RAM3)
                0x0000000000000128        0x4 LONG 0x20020000 ADDR (.bss_RAM4)
                0x000000000000012c        0x4 LONG 0x0 SIZEOF (.bss_RAM4)
                0x0000000000000130                __bss_section_table_end = .
                0x0000000000000130                __section_table_end = .
 *(SORT_BY_ALIGNMENT(.after_vectors*))
 .after_vectors.reset
                0x0000000000000130       0x58 ./startup/startup_lpc5411x.o
                0x0000000000000130                ResetISR
 .after_vectors.init_data
                0x0000000000000188       0x1e ./startup/startup_lpc5411x.o
                0x0000000000000188                data_init
 .after_vectors.init_bss
                0x00000000000001a6       0x12 ./startup/startup_lpc5411x.o
                0x00000000000001a6                bss_init
 .after_vectors
                0x00000000000001b8       0x14 ./startup/startup_lpc5411x.o
                0x00000000000001b8                NMI_Handler
                0x00000000000001c2                MemManage_Handler
                0x00000000000001c4                BusFault_Handler
                0x00000000000001c6                UsageFault_Handler
                0x00000000000001c8                DebugMon_Handler
                0x00000000000001ca                DMA0_DriverIRQHandler
                0x00000000000001ca                PIN_INT3_DriverIRQHandler
                0x00000000000001ca                PIN_INT2_DriverIRQHandler
                0x00000000000001ca                PIN_INT0_DriverIRQHandler
                0x00000000000001ca                SPIFI0_DriverIRQHandler
                0x00000000000001ca                IntDefaultHandler
                0x00000000000001ca                USB0_DriverIRQHandler
                0x00000000000001ca                MRT0_DriverIRQHandler
                0x00000000000001ca                UTICK0_DriverIRQHandler
                0x00000000000001ca                DMIC0_DriverIRQHandler
                0x00000000000001ca                PIN_INT4_DriverIRQHandler
                0x00000000000001ca                PIN_INT5_DriverIRQHandler
                0x00000000000001ca                ADC0_THCMP_DriverIRQHandler
                0x00000000000001ca                GINT1_DriverIRQHandler
                0x00000000000001ca                PIN_INT7_DriverIRQHandler
                0x00000000000001ca                IOH_DriverIRQHandler
                0x00000000000001ca                USB0_NEEDCLK_DriverIRQHandler
                0x00000000000001ca                ADC0_SEQB_DriverIRQHandler
                0x00000000000001ca                PIN_INT6_DriverIRQHandler
                0x00000000000001ca                MAILBOX_DriverIRQHandler
                0x00000000000001ca                PIN_INT1_DriverIRQHandler
                0x00000000000001ca                HWVAD0_DriverIRQHandler
                0x00000000000001ca                RTC_DriverIRQHandler
                0x00000000000001ca                Reserved54_DriverIRQHandler
                0x00000000000001ca                ADC0_SEQA_DriverIRQHandler
                0x00000000000001ca                GINT0_DriverIRQHandler
                0x00000000000001ca                WDT_BOD_DriverIRQHandler
                0x00000000000001ca                SCT0_DriverIRQHandler
 *(SORT_BY_ALIGNMENT(.text*))
 *fill*         0x00000000000001cc        0x4 ff
 .text.SVC_Handler
                0x00000000000001d0       0x28 ./amazon-freertos/FreeRTOS/portable/port.o
                0x00000000000001d0                SVC_Handler
 *fill*         0x00000000000001f8        0x8 ff
 .text.PendSV_Handler
                0x0000000000000200       0x68 ./amazon-freertos/FreeRTOS/portable/port.o
                0x0000000000000200                PendSV_Handler
 .text.DbgConsole_Init
                0x0000000000000268       0xf8 ./utilities/fsl_debug_console.o
                0x0000000000000268                DbgConsole_Init
 .text.ResetISR2
                0x0000000000000360       0x78 ./startup/startup_lpc5411x.o
                0x0000000000000360                ResetISR2
 .text.main     0x00000000000003d8       0x30 ./source/LPC54114J256_Project.o
                0x00000000000003d8                main
 .text.MAILBOX_GetValue
                0x0000000000000408       0x34 ./mcmgr/mcmgr_internal_core_api_lpc54114.o
 .text.MAILBOX_ClearValueBits
                0x000000000000043c       0x3c ./mcmgr/mcmgr_internal_core_api_lpc54114.o
 .text.MAILBOX_IRQHandler
                0x0000000000000478       0x6c ./mcmgr/mcmgr_internal_core_api_lpc54114.o
                0x0000000000000478                MAILBOX_IRQHandler
 .text.CLOCK_GetAsyncApbClkSrc
                0x00000000000004e4       0x20 ./drivers/fsl_clock.o
 .text.CLOCK_AttachClk
                0x0000000000000504       0x88 ./drivers/fsl_clock.o
                0x0000000000000504                CLOCK_AttachClk
 .text.CLOCK_SetClkDiv
                0x000000000000058c       0x5c ./drivers/fsl_clock.o
                0x000000000000058c                CLOCK_SetClkDiv
 .text.CLOCK_SetupFROClocking
                0x00000000000005e8       0xc8 ./drivers/fsl_clock.o
                0x00000000000005e8                CLOCK_SetupFROClocking
 .text.CLOCK_GetFro12MFreq
                0x00000000000006b0       0x28 ./drivers/fsl_clock.o
                0x00000000000006b0                CLOCK_GetFro12MFreq
 .text.CLOCK_GetWdtOscFreq
                0x00000000000006d8       0x68 ./drivers/fsl_clock.o
                0x00000000000006d8                CLOCK_GetWdtOscFreq
 .text.CLOCK_GetFroHfFreq
                0x0000000000000740       0x50 ./drivers/fsl_clock.o
                0x0000000000000740                CLOCK_GetFroHfFreq
 .text.CLOCK_GetPllOutFreq
                0x0000000000000790       0x18 ./drivers/fsl_clock.o
                0x0000000000000790                CLOCK_GetPllOutFreq
 .text.CLOCK_GetI2SMClkFreq
                0x00000000000007a8       0x18 ./drivers/fsl_clock.o
                0x00000000000007a8                CLOCK_GetI2SMClkFreq
 .text.CLOCK_GetAsyncApbClkFreq
                0x00000000000007c0       0x3c ./drivers/fsl_clock.o
                0x00000000000007c0                CLOCK_GetAsyncApbClkFreq
 .text.CLOCK_GetFlexCommClkFreq
                0x00000000000007fc       0x6c ./drivers/fsl_clock.o
                0x00000000000007fc                CLOCK_GetFlexCommClkFreq
 .text.CLOCK_GetFRGInputClock
                0x0000000000000868       0x58 ./drivers/fsl_clock.o
                0x0000000000000868                CLOCK_GetFRGInputClock
 .text.CLOCK_GetDmicClkFreq
                0x00000000000008c0       0x80 ./drivers/fsl_clock.o
                0x00000000000008c0                CLOCK_GetDmicClkFreq
 .text.CLOCK_GetFreq
                0x0000000000000940      0x134 ./drivers/fsl_clock.o
                0x0000000000000940                CLOCK_GetFreq
 .text.CLOCK_SetFLASHAccessCyclesForFreq
                0x0000000000000a74       0x68 ./drivers/fsl_clock.o
                0x0000000000000a74                CLOCK_SetFLASHAccessCyclesForFreq
 .text.CTIMER_GenericIRQHandler
                0x0000000000000adc       0xb8 ./drivers/fsl_ctimer.o
                0x0000000000000adc                CTIMER_GenericIRQHandler
 .text.CLOCK_EnableClock
                0x0000000000000b94       0x4c ./drivers/fsl_flexcomm.o
 .text.FLEXCOMM_GetInstance
                0x0000000000000be0       0x44 ./drivers/fsl_flexcomm.o
                0x0000000000000be0                FLEXCOMM_GetInstance
 .text.FLEXCOMM_Init
                0x0000000000000c24       0x5c ./drivers/fsl_flexcomm.o
                0x0000000000000c24                FLEXCOMM_Init
 .text.FLEXCOMM0_DriverIRQHandler
                0x0000000000000c80       0x3c ./drivers/fsl_flexcomm.o
                0x0000000000000c80                FLEXCOMM0_DriverIRQHandler
 .text.FLEXCOMM1_DriverIRQHandler
                0x0000000000000cbc       0x3c ./drivers/fsl_flexcomm.o
                0x0000000000000cbc                FLEXCOMM1_DriverIRQHandler
 .text.FLEXCOMM2_DriverIRQHandler
                0x0000000000000cf8       0x3c ./drivers/fsl_flexcomm.o
                0x0000000000000cf8                FLEXCOMM2_DriverIRQHandler
 .text.FLEXCOMM3_DriverIRQHandler
                0x0000000000000d34       0x3c ./drivers/fsl_flexcomm.o
                0x0000000000000d34                FLEXCOMM3_DriverIRQHandler
 .text.FLEXCOMM4_DriverIRQHandler
                0x0000000000000d70       0x3c ./drivers/fsl_flexcomm.o
                0x0000000000000d70                FLEXCOMM4_DriverIRQHandler
 .text.FLEXCOMM5_DriverIRQHandler
                0x0000000000000dac       0x3c ./drivers/fsl_flexcomm.o
                0x0000000000000dac                FLEXCOMM5_DriverIRQHandler
 .text.FLEXCOMM6_DriverIRQHandler
                0x0000000000000de8       0x3c ./drivers/fsl_flexcomm.o
                0x0000000000000de8                FLEXCOMM6_DriverIRQHandler
 .text.FLEXCOMM7_DriverIRQHandler
                0x0000000000000e24       0x3c ./drivers/fsl_flexcomm.o
                0x0000000000000e24                FLEXCOMM7_DriverIRQHandler
 .text.RESET_SetPeripheralReset
                0x0000000000000e60       0x7c ./drivers/fsl_reset.o
                0x0000000000000e60                RESET_SetPeripheralReset
 .text.RESET_ClearPeripheralReset
                0x0000000000000edc       0x80 ./drivers/fsl_reset.o
                0x0000000000000edc                RESET_ClearPeripheralReset
 .text.USART_Init
                0x0000000000000f5c      0x14c ./drivers/fsl_usart.o
                0x0000000000000f5c                USART_Init
 .text.USART_GetDefaultConfig
                0x00000000000010a8       0x64 ./drivers/fsl_usart.o
                0x00000000000010a8                USART_GetDefaultConfig
 .text.USART_SetBaudRate
                0x000000000000110c       0xe4 ./drivers/fsl_usart.o
                0x000000000000110c                USART_SetBaudRate
 .text.SystemInit
                0x00000000000011f0       0x34 ./device/system_LPC54114_cm4.o
                0x00000000000011f0                SystemInit
 .text.HAL_UartInit
                0x0000000000001224      0x108 ./component/uart/usart_adapter.o
                0x0000000000001224                HAL_UartInit
 .text.SerialManager_Init
                0x000000000000132c       0x74 ./component/serial_manager/serial_manager.o
                0x000000000000132c                SerialManager_Init
 .text.SerialManager_OpenWriteHandle
                0x00000000000013a0       0x58 ./component/serial_manager/serial_manager.o
                0x00000000000013a0                SerialManager_OpenWriteHandle
 .text.SerialManager_OpenReadHandle
                0x00000000000013f8       0x60 ./component/serial_manager/serial_manager.o
                0x00000000000013f8                SerialManager_OpenReadHandle
 .text.Serial_UartInit
                0x0000000000001458       0x80 ./component/serial_manager/serial_port_uart.o
                0x0000000000001458                Serial_UartInit
 .text.BOARD_InitDebugConsole
                0x00000000000014d8       0x48 ./board/board.o
                0x00000000000014d8                BOARD_InitDebugConsole
 .text.BOARD_BootClockHSRUN
                0x0000000000001520       0x58 ./board/clock_config.o
                0x0000000000001520                BOARD_BootClockHSRUN
 .text.CLOCK_EnableClock
                0x0000000000001578       0x4c ./board/pin_mux.o
 .text.BOARD_InitDEBUG_UARTPins
                0x00000000000015c4       0x34 ./board/pin_mux.o
                0x00000000000015c4                BOARD_InitDEBUG_UARTPins
 .text.SysTick_Handler
                0x00000000000015f8       0x40 ./amazon-freertos/FreeRTOS/portable/port.o
                0x00000000000015f8                SysTick_Handler
 .text.xTaskIncrementTick
                0x0000000000001638      0x158 ./amazon-freertos/FreeRTOS/tasks.o
                0x0000000000001638                xTaskIncrementTick
 .text.vTaskSwitchContext
                0x0000000000001790       0xb4 ./amazon-freertos/FreeRTOS/tasks.o
                0x0000000000001790                vTaskSwitchContext
 .text.prvResetNextTaskUnblockTime
                0x0000000000001844       0x4c ./amazon-freertos/FreeRTOS/tasks.o
 .text.POWER_SetVoltageForFreq
                0x0000000000001890       0x8c /home/sukhvir/Documents/MCUXpresso_10.3.1_2233/workspace/LPC54114J256_Project/libs/libpower_cm4_hardabi.a(fsl_power_lib.o)
                0x0000000000001890                POWER_SetVoltageForFreq
 .text.__assertion_failed
                0x000000000000191c       0x4c /usr/local/mcuxpressoide-10.3.1_2233/ide/plugins/com.nxp.mcuxpresso.tools.linux_10.3.0.201811011841/tools/bin/../lib/gcc/arm-none-eabi/7.3.1/../../../../arm-none-eabi/lib/thumb/v7e-m/fpv4-sp/hard/libcr_semihost_nf.a(_cr_assert.o)
                0x000000000000191c                __assertion_failed
 .text.__sys_appexit
                0x0000000000001968        0xc /usr/local/mcuxpressoide-10.3.1_2233/ide/plugins/com.nxp.mcuxpresso.tools.linux_10.3.0.201811011841/tools/bin/../lib/gcc/arm-none-eabi/7.3.1/../../../../arm-none-eabi/lib/thumb/v7e-m/fpv4-sp/hard/libcr_semihost_nf.a(__sys_appexit.o)
                0x0000000000001968                __exit
                0x0000000000001968                __sys_appexit
 .text._Cwritebuf
                0x0000000000001974       0x6c /usr/local/mcuxpressoide-10.3.1_2233/ide/plugins/com.nxp.mcuxpresso.tools.linux_10.3.0.201811011841/tools/bin/../lib/gcc/arm-none-eabi/7.3.1/../../../../arm-none-eabi/lib/thumb/v7e-m/fpv4-sp/hard/libcr_c.a(_writebuf.o)
                0x0000000000001974                _Cwritebuf
 .text.malloc   0x00000000000019e0       0xc8 /usr/local/mcuxpressoide-10.3.1_2233/ide/plugins/com.nxp.mcuxpresso.tools.linux_10.3.0.201811011841/tools/bin/../lib/gcc/arm-none-eabi/7.3.1/../../../../arm-none-eabi/lib/thumb/v7e-m/fpv4-sp/hard/libcr_c.a(alloc.o)
                0x00000000000019e0                malloc
 .text._Csys_alloc
                0x0000000000001aa8       0x20 /usr/local/mcuxpressoide-10.3.1_2233/ide/plugins/com.nxp.mcuxpresso.tools.linux_10.3.0.201811011841/tools/bin/../lib/gcc/arm-none-eabi/7.3.1/../../../../arm-none-eabi/lib/thumb/v7e-m/fpv4-sp/hard/libcr_c.a(alloc.o)
                0x0000000000001aa8                _Csys_alloc
 .text.fseek    0x0000000000001ac8      0x100 /usr/local/mcuxpressoide-10.3.1_2233/ide/plugins/com.nxp.mcuxpresso.tools.linux_10.3.0.201811011841/tools/bin/../lib/gcc/arm-none-eabi/7.3.1/../../../../arm-none-eabi/lib/thumb/v7e-m/fpv4-sp/hard/libcr_c.a(fseek.o)
                0x0000000000001ac8                fseek
 .text.ftell    0x0000000000001bc8       0x44 /usr/local/mcuxpressoide-10.3.1_2233/ide/plugins/com.nxp.mcuxpresso.tools.linux_10.3.0.201811011841/tools/bin/../lib/gcc/arm-none-eabi/7.3.1/../../../../arm-none-eabi/lib/thumb/v7e-m/fpv4-sp/hard/libcr_c.a(ftell.o)
                0x0000000000001bc8                ftell
 .text._initio  0x0000000000001c0c       0x78 /usr/local/mcuxpressoide-10.3.1_2233/ide/plugins/com.nxp.mcuxpresso.tools.linux_10.3.0.201811011841/tools/bin/../lib/gcc/arm-none-eabi/7.3.1/../../../../arm-none-eabi/lib/thumb/v7e-m/fpv4-sp/hard/libcr_c.a(initio.o)
                0x0000000000001c0c                _initio
 .text.__vfprintf
                0x0000000000001c84      0xb8c /usr/local/mcuxpressoide-10.3.1_2233/ide/plugins/com.nxp.mcuxpresso.tools.linux_10.3.0.201811011841/tools/bin/../lib/gcc/arm-none-eabi/7.3.1/../../../../arm-none-eabi/lib/thumb/v7e-m/fpv4-sp/hard/libcr_c.a(printf.o)
                0x0000000000001c84                __vfprintf
 .text._vsnprintf
                0x0000000000002810       0x68 /usr/local/mcuxpressoide-10.3.1_2233/ide/plugins/com.nxp.mcuxpresso.tools.linux_10.3.0.201811011841/tools/bin/../lib/gcc/arm-none-eabi/7.3.1/../../../../arm-none-eabi/lib/thumb/v7e-m/fpv4-sp/hard/libcr_c.a(printf.o)
                0x0000000000002810                _vsnprintf
 .text._printf  0x0000000000002878       0x54 /usr/local/mcuxpressoide-10.3.1_2233/ide/plugins/com.nxp.mcuxpresso.tools.linux_10.3.0.201811011841/tools/bin/../lib/gcc/arm-none-eabi/7.3.1/../../../../arm-none-eabi/lib/thumb/v7e-m/fpv4-sp/hard/libcr_c.a(printf.o)
                0x0000000000002878                _printf
 .text.setvbuf  0x00000000000028cc       0x40 /usr/local/mcuxpressoide-10.3.1_2233/ide/plugins/com.nxp.mcuxpresso.tools.linux_10.3.0.201811011841/tools/bin/../lib/gcc/arm-none-eabi/7.3.1/../../../../arm-none-eabi/lib/thumb/v7e-m/fpv4-sp/hard/libcr_c.a(setvbuf.o)
                0x00000000000028cc                setvbuf
 .text._sbrk    0x000000000000290c       0x3c /usr/local/mcuxpressoide-10.3.1_2233/ide/plugins/com.nxp.mcuxpresso.tools.linux_10.3.0.201811011841/tools/bin/../lib/gcc/arm-none-eabi/7.3.1/../../../../arm-none-eabi/lib/thumb/v7e-m/fpv4-sp/hard/libcr_c.a(_cr_sbrk.o)
                0x000000000000290c                _sbrk
 .text.fflush   0x0000000000002948       0x44 /usr/local/mcuxpressoide-10.3.1_2233/ide/plugins/com.nxp.mcuxpresso.tools.linux_10.3.0.201811011841/tools/bin/../lib/gcc/arm-none-eabi/7.3.1/../../../../arm-none-eabi/lib/thumb/v7e-m/fpv4-sp/hard/libcr_c.a(fflush.o)
                0x0000000000002948                fflush
 .text.__check_heap_overflow
                0x000000000000298c       0x18 /usr/local/mcuxpressoide-10.3.1_2233/ide/plugins/com.nxp.mcuxpresso.tools.linux_10.3.0.201811011841/tools/bin/../lib/gcc/arm-none-eabi/7.3.1/../../../../arm-none-eabi/lib/thumb/v7e-m/fpv4-sp/hard/libcr_c.a(_cr_check_heap.o)
                0x000000000000298c                __check_heap_overflow
 .text.WDT_BOD_IRQHandler
                0x00000000000029a4        0x8 ./startup/startup_lpc5411x.o
                0x00000000000029a4                WDT_BOD_IRQHandler
 .text.DMA0_IRQHandler
                0x00000000000029ac        0x8 ./startup/startup_lpc5411x.o
                0x00000000000029ac                DMA0_IRQHandler
 .text.GINT0_IRQHandler
                0x00000000000029b4        0x8 ./startup/startup_lpc5411x.o
                0x00000000000029b4                GINT0_IRQHandler
 .text.GINT1_IRQHandler
                0x00000000000029bc        0x8 ./startup/startup_lpc5411x.o
                0x00000000000029bc                GINT1_IRQHandler
 .text.PIN_INT0_IRQHandler
                0x00000000000029c4        0x8 ./startup/startup_lpc5411x.o
                0x00000000000029c4                PIN_INT0_IRQHandler
 .text.PIN_INT1_IRQHandler
                0x00000000000029cc        0x8 ./startup/startup_lpc5411x.o
                0x00000000000029cc                PIN_INT1_IRQHandler
 .text.PIN_INT2_IRQHandler
                0x00000000000029d4        0x8 ./startup/startup_lpc5411x.o
                0x00000000000029d4                PIN_INT2_IRQHandler
 .text.PIN_INT3_IRQHandler
                0x00000000000029dc        0x8 ./startup/startup_lpc5411x.o
                0x00000000000029dc                PIN_INT3_IRQHandler
 .text.UTICK0_IRQHandler
                0x00000000000029e4        0x8 ./startup/startup_lpc5411x.o
                0x00000000000029e4                UTICK0_IRQHandler
 .text.MRT0_IRQHandler
                0x00000000000029ec        0x8 ./startup/startup_lpc5411x.o
                0x00000000000029ec                MRT0_IRQHandler
 .text.CTIMER0_IRQHandler
                0x00000000000029f4        0x8 ./startup/startup_lpc5411x.o
                0x00000000000029f4                CTIMER0_IRQHandler
 .text.CTIMER1_IRQHandler
                0x00000000000029fc        0x8 ./startup/startup_lpc5411x.o
                0x00000000000029fc                CTIMER1_IRQHandler
 .text.SCT0_IRQHandler
                0x0000000000002a04        0x8 ./startup/startup_lpc5411x.o
                0x0000000000002a04                SCT0_IRQHandler
 .text.CTIMER3_IRQHandler
                0x0000000000002a0c        0x8 ./startup/startup_lpc5411x.o
                0x0000000000002a0c                CTIMER3_IRQHandler
 .text.FLEXCOMM0_IRQHandler
                0x0000000000002a14        0x8 ./startup/startup_lpc5411x.o
                0x0000000000002a14                FLEXCOMM0_IRQHandler
 .text.FLEXCOMM1_IRQHandler
                0x0000000000002a1c        0x8 ./startup/startup_lpc5411x.o
                0x0000000000002a1c                FLEXCOMM1_IRQHandler
 .text.FLEXCOMM2_IRQHandler
                0x0000000000002a24        0x8 ./startup/startup_lpc5411x.o
                0x0000000000002a24                FLEXCOMM2_IRQHandler
 .text.FLEXCOMM3_IRQHandler
                0x0000000000002a2c        0x8 ./startup/startup_lpc5411x.o
                0x0000000000002a2c                FLEXCOMM3_IRQHandler
 .text.FLEXCOMM4_IRQHandler
                0x0000000000002a34        0x8 ./startup/startup_lpc5411x.o
                0x0000000000002a34                FLEXCOMM4_IRQHandler
 .text.FLEXCOMM5_IRQHandler
                0x0000000000002a3c        0x8 ./startup/startup_lpc5411x.o
                0x0000000000002a3c                FLEXCOMM5_IRQHandler
 .text.FLEXCOMM6_IRQHandler
                0x0000000000002a44        0x8 ./startup/startup_lpc5411x.o
                0x0000000000002a44                FLEXCOMM6_IRQHandler
 .text.FLEXCOMM7_IRQHandler
                0x0000000000002a4c        0x8 ./startup/startup_lpc5411x.o
                0x0000000000002a4c                FLEXCOMM7_IRQHandler
 .text.ADC0_SEQA_IRQHandler
                0x0000000000002a54        0x8 ./startup/startup_lpc5411x.o
                0x0000000000002a54                ADC0_SEQA_IRQHandler
 .text.ADC0_SEQB_IRQHandler
                0x0000000000002a5c        0x8 ./startup/startup_lpc5411x.o
                0x0000000000002a5c                ADC0_SEQB_IRQHandler
 .text.ADC0_THCMP_IRQHandler
                0x0000000000002a64        0x8 ./startup/startup_lpc5411x.o
                0x0000000000002a64                ADC0_THCMP_IRQHandler
 .text.DMIC0_IRQHandler
                0x0000000000002a6c        0x8 ./startup/startup_lpc5411x.o
                0x0000000000002a6c                DMIC0_IRQHandler
 .text.HWVAD0_IRQHandler
                0x0000000000002a74        0x8 ./startup/startup_lpc5411x.o
                0x0000000000002a74                HWVAD0_IRQHandler
 .text.USB0_NEEDCLK_IRQHandler
                0x0000000000002a7c        0x8 ./startup/startup_lpc5411x.o
                0x0000000000002a7c                USB0_NEEDCLK_IRQHandler
 .text.USB0_IRQHandler
                0x0000000000002a84        0x8 ./startup/startup_lpc5411x.o
                0x0000000000002a84                USB0_IRQHandler
 .text.RTC_IRQHandler
                0x0000000000002a8c        0x8 ./startup/startup_lpc5411x.o
                0x0000000000002a8c                RTC_IRQHandler
 .text.IOH_IRQHandler
                0x0000000000002a94        0x8 ./startup/startup_lpc5411x.o
                0x0000000000002a94                IOH_IRQHandler
 .text.PIN_INT4_IRQHandler
                0x0000000000002a9c        0x8 ./startup/startup_lpc5411x.o
                0x0000000000002a9c                PIN_INT4_IRQHandler
 .text.PIN_INT5_IRQHandler
                0x0000000000002aa4        0x8 ./startup/startup_lpc5411x.o
                0x0000000000002aa4                PIN_INT5_IRQHandler
 .text.PIN_INT6_IRQHandler
                0x0000000000002aac        0x8 ./startup/startup_lpc5411x.o
                0x0000000000002aac                PIN_INT6_IRQHandler
 .text.PIN_INT7_IRQHandler
                0x0000000000002ab4        0x8 ./startup/startup_lpc5411x.o
                0x0000000000002ab4                PIN_INT7_IRQHandler
 .text.CTIMER2_IRQHandler
                0x0000000000002abc        0x8 ./startup/startup_lpc5411x.o
                0x0000000000002abc                CTIMER2_IRQHandler
 .text.CTIMER4_IRQHandler
                0x0000000000002ac4        0x8 ./startup/startup_lpc5411x.o
                0x0000000000002ac4                CTIMER4_IRQHandler
 .text.Reserved54_IRQHandler
                0x0000000000002acc        0x8 ./startup/startup_lpc5411x.o
                0x0000000000002acc                Reserved54_IRQHandler
 .text.SPIFI0_IRQHandler
                0x0000000000002ad4        0x8 ./startup/startup_lpc5411x.o
                0x0000000000002ad4                SPIFI0_IRQHandler
 .text.HardFault_Handler
                0x0000000000002adc       0x2c ./source/semihost_hardfault.o
                0x0000000000002adc                HardFault_Handler
 .text.CLOCK_SetFLASHAccessCycles
                0x0000000000002b08       0x34 ./drivers/fsl_clock.o
 .text.POWER_DisablePD
                0x0000000000002b3c       0x2e ./drivers/fsl_clock.o
 .text.CLOCK_GetExtClkFreq
                0x0000000000002b6a       0x10 ./drivers/fsl_clock.o
                0x0000000000002b6a                CLOCK_GetExtClkFreq
 .text.CLOCK_GetOsc32KFreq
                0x0000000000002b7a       0x12 ./drivers/fsl_clock.o
                0x0000000000002b7a                CLOCK_GetOsc32KFreq
 .text.CLOCK_GetCoreSysClkFreq
                0x0000000000002b8c       0x8c ./drivers/fsl_clock.o
                0x0000000000002b8c                CLOCK_GetCoreSysClkFreq
 .text.CLOCK_GetFrgClkFreq
                0x0000000000002c18       0x64 ./drivers/fsl_clock.o
                0x0000000000002c18                CLOCK_GetFrgClkFreq
 .text.CLOCK_GetUsbClkFreq
                0x0000000000002c7c       0x4a ./drivers/fsl_clock.o
                0x0000000000002c7c                CLOCK_GetUsbClkFreq
 .text.CTIMER_GetStatusFlags
                0x0000000000002cc6       0x18 ./drivers/fsl_ctimer.o
 .text.CTIMER_ClearStatusFlags
                0x0000000000002cde       0x1c ./drivers/fsl_ctimer.o
 .text.CTIMER0_DriverIRQHandler
                0x0000000000002cfa       0x12 ./drivers/fsl_ctimer.o
                0x0000000000002cfa                CTIMER0_DriverIRQHandler
 .text.CTIMER1_DriverIRQHandler
                0x0000000000002d0c       0x12 ./drivers/fsl_ctimer.o
                0x0000000000002d0c                CTIMER1_DriverIRQHandler
 .text.CTIMER2_DriverIRQHandler
                0x0000000000002d1e       0x12 ./drivers/fsl_ctimer.o
                0x0000000000002d1e                CTIMER2_DriverIRQHandler
 .text.CTIMER3_DriverIRQHandler
                0x0000000000002d30       0x12 ./drivers/fsl_ctimer.o
                0x0000000000002d30                CTIMER3_DriverIRQHandler
 .text.CTIMER4_DriverIRQHandler
                0x0000000000002d42       0x12 ./drivers/fsl_ctimer.o
                0x0000000000002d42                CTIMER4_DriverIRQHandler
 .text.FLEXCOMM_PeripheralIsPresent
                0x0000000000002d54       0x64 ./drivers/fsl_flexcomm.o
 .text.FLEXCOMM_SetPeriph
                0x0000000000002db8       0x74 ./drivers/fsl_flexcomm.o
 .text.RESET_PeripheralReset
                0x0000000000002e2c       0x1c ./drivers/fsl_reset.o
                0x0000000000002e2c                RESET_PeripheralReset
 .text.SystemInitHook
                0x0000000000002e48        0xe ./device/system_LPC54114_cm4.o
                0x0000000000002e48                SystemInitHook
 .text.HAL_UartGetStatus
                0x0000000000002e56       0x22 ./component/uart/usart_adapter.o
 .text.POWER_DisablePD
                0x0000000000002e78       0x2e ./board/clock_config.o
 .text.BOARD_InitBootClocks
                0x0000000000002ea6        0xc ./board/clock_config.o
                0x0000000000002ea6                BOARD_InitBootClocks
 .text.BOARD_InitPeripherals
                0x0000000000002eb2        0xe ./board/peripherals.o
                0x0000000000002eb2                BOARD_InitPeripherals
 .text.BOARD_InitBootPeripherals
                0x0000000000002ec0        0xc ./board/peripherals.o
                0x0000000000002ec0                BOARD_InitBootPeripherals
 .text.BOARD_InitBootPins
                0x0000000000002ecc       0x10 ./board/pin_mux.o
                0x0000000000002ecc                BOARD_InitBootPins
 .text.BOARD_InitPins_cm4
                0x0000000000002edc        0xe ./board/pin_mux.o
                0x0000000000002edc                BOARD_InitPins_cm4
 .text.vListInsertEnd
                0x0000000000002eea       0x48 ./amazon-freertos/FreeRTOS/list.o
                0x0000000000002eea                vListInsertEnd
 .text.uxListRemove
                0x0000000000002f32       0x54 ./amazon-freertos/FreeRTOS/list.o
                0x0000000000002f32                uxListRemove
 .text.__main   0x0000000000002f86        0xe /usr/local/mcuxpressoide-10.3.1_2233/ide/plugins/com.nxp.mcuxpresso.tools.linux_10.3.0.201811011841/tools/bin/../lib/gcc/arm-none-eabi/7.3.1/../../../../arm-none-eabi/lib/thumb/v7e-m/fpv4-sp/hard/libcr_semihost_nf.a(_cr__main.o)
                0x0000000000002f86                __main
                0x0000000000002f86                __CR_SEMIHOST
 .text.memset   0x0000000000002f94        0x4 /usr/local/mcuxpressoide-10.3.1_2233/ide/plugins/com.nxp.mcuxpresso.tools.linux_10.3.0.201811011841/tools/bin/../lib/gcc/arm-none-eabi/7.3.1/../../../../arm-none-eabi/lib/thumb/v7e-m/fpv4-sp/hard/libcr_c.a(memset.o)
                0x0000000000002f94                memset
 .text._deferredlazyseek
                0x0000000000002f98       0x40 /usr/local/mcuxpressoide-10.3.1_2233/ide/plugins/com.nxp.mcuxpresso.tools.linux_10.3.0.201811011841/tools/bin/../lib/gcc/arm-none-eabi/7.3.1/../../../../arm-none-eabi/lib/thumb/v7e-m/fpv4-sp/hard/libcr_c.a(_deferredlazyseek.o)
                0x0000000000002f98                _deferredlazyseek
 .text.__flsbuf
                0x0000000000002fd8      0x140 /usr/local/mcuxpressoide-10.3.1_2233/ide/plugins/com.nxp.mcuxpresso.tools.linux_10.3.0.201811011841/tools/bin/../lib/gcc/arm-none-eabi/7.3.1/../../../../arm-none-eabi/lib/thumb/v7e-m/fpv4-sp/hard/libcr_c.a(_deferredlazyseek.o)
                0x0000000000002fd8                __flsbuf
 .text._fflush  0x0000000000003118       0x52 /usr/local/mcuxpressoide-10.3.1_2233/ide/plugins/com.nxp.mcuxpresso.tools.linux_10.3.0.201811011841/tools/bin/../lib/gcc/arm-none-eabi/7.3.1/../../../../arm-none-eabi/lib/thumb/v7e-m/fpv4-sp/hard/libcr_c.a(_fflush.o)
                0x0000000000003118                _fflush
 .text.free     0x000000000000316a       0x30 /usr/local/mcuxpressoide-10.3.1_2233/ide/plugins/com.nxp.mcuxpresso.tools.linux_10.3.0.201811011841/tools/bin/../lib/gcc/arm-none-eabi/7.3.1/../../../../arm-none-eabi/lib/thumb/v7e-m/fpv4-sp/hard/libcr_c.a(alloc.o)
                0x000000000000316a                free
 .text.fputs    0x000000000000319a       0x2c /usr/local/mcuxpressoide-10.3.1_2233/ide/plugins/com.nxp.mcuxpresso.tools.linux_10.3.0.201811011841/tools/bin/../lib/gcc/arm-none-eabi/7.3.1/../../../../arm-none-eabi/lib/thumb/v7e-m/fpv4-sp/hard/libcr_c.a(fputs.o)
                0x000000000000319a                fputs
 .text.no_fp_display
                0x00000000000031c6        0x4 /usr/local/mcuxpressoide-10.3.1_2233/ide/plugins/com.nxp.mcuxpresso.tools.linux_10.3.0.201811011841/tools/bin/../lib/gcc/arm-none-eabi/7.3.1/../../../../arm-none-eabi/lib/thumb/v7e-m/fpv4-sp/hard/libcr_c.a(printf.o)
 .text.strlen   0x00000000000031ca       0x4a /usr/local/mcuxpressoide-10.3.1_2233/ide/plugins/com.nxp.mcuxpresso.tools.linux_10.3.0.201811011841/tools/bin/../lib/gcc/arm-none-eabi/7.3.1/../../../../arm-none-eabi/lib/thumb/v7e-m/fpv4-sp/hard/libcr_c.a(strlen.o)
                0x00000000000031ca                strlen
 .text._fdopen  0x0000000000003214       0x68 /usr/local/mcuxpressoide-10.3.1_2233/ide/plugins/com.nxp.mcuxpresso.tools.linux_10.3.0.201811011841/tools/bin/../lib/gcc/arm-none-eabi/7.3.1/../../../../arm-none-eabi/lib/thumb/v7e-m/fpv4-sp/hard/libcr_c.a(_fdopen.o)
                0x0000000000003214                _fdopen
 .text.fclose   0x000000000000327c       0x58 /usr/local/mcuxpressoide-10.3.1_2233/ide/plugins/com.nxp.mcuxpresso.tools.linux_10.3.0.201811011841/tools/bin/../lib/gcc/arm-none-eabi/7.3.1/../../../../arm-none-eabi/lib/thumb/v7e-m/fpv4-sp/hard/libcr_c.a(fclose.o)
                0x000000000000327c                fclose
 .text.remove   0x00000000000032d4       0x14 /usr/local/mcuxpressoide-10.3.1_2233/ide/plugins/com.nxp.mcuxpresso.tools.linux_10.3.0.201811011841/tools/bin/../lib/gcc/arm-none-eabi/7.3.1/../../../../arm-none-eabi/lib/thumb/v7e-m/fpv4-sp/hard/libcr_c.a(remove.o)
                0x00000000000032d4                remove
 .text._do_fflush
                0x00000000000032e8       0x40 /usr/local/mcuxpressoide-10.3.1_2233/ide/plugins/com.nxp.mcuxpresso.tools.linux_10.3.0.201811011841/tools/bin/../lib/gcc/arm-none-eabi/7.3.1/../../../../arm-none-eabi/lib/thumb/v7e-m/fpv4-sp/hard/libcr_c.a(_do_fflush.o)
                0x00000000000032e8                _do_fflush
 .text.__aeabi_division_uldivmod
                0x0000000000003328      0x174 /usr/local/mcuxpressoide-10.3.1_2233/ide/plugins/com.nxp.mcuxpresso.tools.linux_10.3.0.201811011841/tools/bin/../lib/gcc/arm-none-eabi/7.3.1/thumb/v7e-m/fpv4-sp/hard/libcr_eabihelpers.a(division_64.o)
                0x0000000000003328                __aeabi_uldivmod
                0x000000000000332c                __bhs_ldivmod1
 .text.__aeabi_division_idiv0
                0x000000000000349c        0x2 /usr/local/mcuxpressoide-10.3.1_2233/ide/plugins/com.nxp.mcuxpresso.tools.linux_10.3.0.201811011841/tools/bin/../lib/gcc/arm-none-eabi/7.3.1/thumb/v7e-m/fpv4-sp/hard/libcr_eabihelpers.a(division_idiv0.o)
                0x000000000000349c                __aeabi_idiv0
 .text.__aeabi_memset_lowlevel
                0x000000000000349e       0x32 /usr/local/mcuxpressoide-10.3.1_2233/ide/plugins/com.nxp.mcuxpresso.tools.linux_10.3.0.201811011841/tools/bin/../lib/gcc/arm-none-eabi/7.3.1/thumb/v7e-m/fpv4-sp/hard/libcr_eabihelpers.a(memcpy.o)
                0x000000000000349e                __aeabi_lowlevel_memset
 .text.__sys_close
                0x00000000000034d0        0xc /usr/local/mcuxpressoide-10.3.1_2233/ide/plugins/com.nxp.mcuxpresso.tools.linux_10.3.0.201811011841/tools/bin/../lib/gcc/arm-none-eabi/7.3.1/../../../../arm-none-eabi/lib/thumb/v7e-m/fpv4-sp/hard/libcr_semihost_nf.a(__sys_close.o)
                0x00000000000034d0                __sys_close
 .text.__sys_flen
                0x00000000000034dc        0xc /usr/local/mcuxpressoide-10.3.1_2233/ide/plugins/com.nxp.mcuxpresso.tools.linux_10.3.0.201811011841/tools/bin/../lib/gcc/arm-none-eabi/7.3.1/../../../../arm-none-eabi/lib/thumb/v7e-m/fpv4-sp/hard/libcr_semihost_nf.a(__sys_flen.o)
                0x00000000000034dc                __sys_flen
 .text.__sys_istty
                0x00000000000034e8        0xc /usr/local/mcuxpressoide-10.3.1_2233/ide/plugins/com.nxp.mcuxpresso.tools.linux_10.3.0.201811011841/tools/bin/../lib/gcc/arm-none-eabi/7.3.1/../../../../arm-none-eabi/lib/thumb/v7e-m/fpv4-sp/hard/libcr_semihost_nf.a(__sys_istty.o)
                0x00000000000034e8                __sys_istty
 .text.__sys_remove
                0x00000000000034f4        0xc /usr/local/mcuxpressoide-10.3.1_2233/ide/plugins/com.nxp.mcuxpresso.tools.linux_10.3.0.201811011841/tools/bin/../lib/gcc/arm-none-eabi/7.3.1/../../../../arm-none-eabi/lib/thumb/v7e-m/fpv4-sp/hard/libcr_semihost_nf.a(__sys_remove.o)
                0x00000000000034f4                __sys_remove
 .text.__sys_seek
                0x0000000000003500        0xc /usr/local/mcuxpressoide-10.3.1_2233/ide/plugins/com.nxp.mcuxpresso.tools.linux_10.3.0.201811011841/tools/bin/../lib/gcc/arm-none-eabi/7.3.1/../../../../arm-none-eabi/lib/thumb/v7e-m/fpv4-sp/hard/libcr_semihost_nf.a(__sys_seek.o)
                0x0000000000003500                __sys_seek
 .text.__sys_tmpnam
                0x000000000000350c        0xc /usr/local/mcuxpressoide-10.3.1_2233/ide/plugins/com.nxp.mcuxpresso.tools.linux_10.3.0.201811011841/tools/bin/../lib/gcc/arm-none-eabi/7.3.1/../../../../arm-none-eabi/lib/thumb/v7e-m/fpv4-sp/hard/libcr_semihost_nf.a(__sys_tmpnam.o)
                0x000000000000350c                __sys_tmpnam
 .text.__sys_write
                0x0000000000003518        0xc /usr/local/mcuxpressoide-10.3.1_2233/ide/plugins/com.nxp.mcuxpresso.tools.linux_10.3.0.201811011841/tools/bin/../lib/gcc/arm-none-eabi/7.3.1/../../../../arm-none-eabi/lib/thumb/v7e-m/fpv4-sp/hard/libcr_semihost_nf.a(__sys_write.o)
                0x0000000000003518                __sys_write
 *(SORT_BY_ALIGNMENT(.rodata) SORT_BY_ALIGNMENT(.rodata.*) SORT_BY_ALIGNMENT(.constdata) SORT_BY_ALIGNMENT(.constdata.*))
 .rodata        0x0000000000003524      0x1b7 ./utilities/fsl_debug_console.o
 *fill*         0x00000000000036db        0x1 ff
 .rodata        0x00000000000036dc        0xd ./source/LPC54114J256_Project.o
 *fill*         0x00000000000036e9        0x3 ff
 .rodata        0x00000000000036ec      0x11a ./mcmgr/mcmgr_internal_core_api_lpc54114.o
 *fill*         0x0000000000003806        0x2 ff
 .rodata.wdtFreqLookup
                0x0000000000003808       0x20 ./drivers/fsl_clock.o
 .rodata.s_ctimerBases
                0x0000000000003828       0x14 ./drivers/fsl_ctimer.o
 .rodata.s_flexcommBaseAddrs
                0x000000000000383c       0x20 ./drivers/fsl_flexcomm.o
 .rodata.s_flexcommClocks
                0x000000000000385c       0x10 ./drivers/fsl_flexcomm.o
 .rodata.s_flexcommResets
                0x000000000000386c       0x20 ./drivers/fsl_flexcomm.o
 .rodata        0x000000000000388c      0x1e8 ./drivers/fsl_flexcomm.o
 .rodata        0x0000000000003a74       0x55 ./drivers/fsl_reset.o
 *fill*         0x0000000000003ac9        0x3 ff
 .rodata        0x0000000000003acc      0x5d0 ./drivers/fsl_usart.o
 .rodata.s_UsartAdapterBase
                0x000000000000409c       0x20 ./component/uart/usart_adapter.o
 .rodata        0x00000000000040bc      0x26f ./component/uart/usart_adapter.o
 *fill*         0x000000000000432b        0x1 ff
 .rodata        0x000000000000432c      0x521 ./component/serial_manager/serial_manager.o
 *fill*         0x000000000000484d        0x3 ff
 .rodata        0x0000000000004850      0x244 ./component/serial_manager/serial_port_uart.o
 .rodata        0x0000000000004a94       0x60 ./board/board.o
 .rodata.__num_Ciob_streams
                0x0000000000004af4        0x4 /usr/local/mcuxpressoide-10.3.1_2233/ide/plugins/com.nxp.mcuxpresso.tools.linux_10.3.0.201811011841/tools/bin/../lib/gcc/arm-none-eabi/7.3.1/../../../../arm-none-eabi/lib/thumb/v7e-m/fpv4-sp/hard/libcr_semihost_nf.a(__ciob.o)
                0x0000000000004af4                __num_Ciob_streams
 .rodata.__assertion_failed.str1.1
                0x0000000000004af8       0x15 /usr/local/mcuxpressoide-10.3.1_2233/ide/plugins/com.nxp.mcuxpresso.tools.linux_10.3.0.201811011841/tools/bin/../lib/gcc/arm-none-eabi/7.3.1/../../../../arm-none-eabi/lib/thumb/v7e-m/fpv4-sp/hard/libcr_semihost_nf.a(_cr_assert.o)
 .rodata._Csys_alloc.str1.1
                0x0000000000004b0d       0x18 /usr/local/mcuxpressoide-10.3.1_2233/ide/plugins/com.nxp.mcuxpresso.tools.linux_10.3.0.201811011841/tools/bin/../lib/gcc/arm-none-eabi/7.3.1/../../../../arm-none-eabi/lib/thumb/v7e-m/fpv4-sp/hard/libcr_c.a(alloc.o)
 .rodata._initio.str1.1
                0x0000000000004b25        0x4 /usr/local/mcuxpressoide-10.3.1_2233/ide/plugins/com.nxp.mcuxpresso.tools.linux_10.3.0.201811011841/tools/bin/../lib/gcc/arm-none-eabi/7.3.1/../../../../arm-none-eabi/lib/thumb/v7e-m/fpv4-sp/hard/libcr_c.a(initio.o)
 .rodata.__vfprintf.str1.1
                0x0000000000004b29       0x35 /usr/local/mcuxpressoide-10.3.1_2233/ide/plugins/com.nxp.mcuxpresso.tools.linux_10.3.0.201811011841/tools/bin/../lib/gcc/arm-none-eabi/7.3.1/../../../../arm-none-eabi/lib/thumb/v7e-m/fpv4-sp/hard/libcr_c.a(printf.o)
                                         0x38 (size before relaxing)
                0x0000000000004b60                . = ALIGN (0x4)
 *fill*         0x0000000000004b5e        0x2 ff

.glue_7         0x0000000000004b60        0x0
 .glue_7        0x0000000000004b60        0x0 linker stubs

.glue_7t        0x0000000000004b60        0x0
 .glue_7t       0x0000000000004b60        0x0 linker stubs

.vfp11_veneer   0x0000000000004b60        0x0
 .vfp11_veneer  0x0000000000004b60        0x0 linker stubs

.v4_bx          0x0000000000004b60        0x0
 .v4_bx         0x0000000000004b60        0x0 linker stubs

.iplt           0x0000000000004b60        0x0
 .iplt          0x0000000000004b60        0x0 ./utilities/fsl_debug_console.o

.rel.dyn        0x0000000000004b60        0x0
 .rel.iplt      0x0000000000004b60        0x0 ./utilities/fsl_debug_console.o

.ARM.extab
 *(SORT_BY_ALIGNMENT(.ARM.extab*) SORT_BY_ALIGNMENT(.gnu.linkonce.armextab.*))
                0x0000000000004b60                __exidx_start = .

.ARM.exidx
 *(SORT_BY_ALIGNMENT(.ARM.exidx*) SORT_BY_ALIGNMENT(.gnu.linkonce.armexidx.*))
                0x0000000000004b60                __exidx_end = .
                0x0000000000004b60                _etext = .

.data_RAM2      0x0000000020000000        0x0 load address 0x0000000000004b60
 FILL mask 0xff
                [!provide]                        PROVIDE (__start_data_RAM2 = .)
 *(SORT_BY_ALIGNMENT(.ramfunc.$RAM2))
 *(SORT_BY_ALIGNMENT(.ramfunc.$SRAM0))
 *(SORT_BY_ALIGNMENT(.data.$RAM2*))
 *(SORT_BY_ALIGNMENT(.data.$SRAM0*))
                0x0000000020000000                . = ALIGN (0x4)
                [!provide]                        PROVIDE (__end_data_RAM2 = .)

.data_RAM3      0x0000000004000000        0x0 load address 0x0000000000004b60
 FILL mask 0xff
                [!provide]                        PROVIDE (__start_data_RAM3 = .)
 *(SORT_BY_ALIGNMENT(.ramfunc.$RAM3))
 *(SORT_BY_ALIGNMENT(.ramfunc.$SRAMX))
 *(SORT_BY_ALIGNMENT(.data.$RAM3*))
 *(SORT_BY_ALIGNMENT(.data.$SRAMX*))
                0x0000000004000000                . = ALIGN (0x4)
                [!provide]                        PROVIDE (__end_data_RAM3 = .)

.data_RAM4      0x0000000020020000        0x0 load address 0x0000000000004b60
 FILL mask 0xff
                [!provide]                        PROVIDE (__start_data_RAM4 = .)
 *(SORT_BY_ALIGNMENT(.ramfunc.$RAM4))
 *(SORT_BY_ALIGNMENT(.ramfunc.$SRAM2))
 *(SORT_BY_ALIGNMENT(.data.$RAM4*))
 *(SORT_BY_ALIGNMENT(.data.$SRAM2*))
                0x0000000020020000                . = ALIGN (0x4)
                [!provide]                        PROVIDE (__end_data_RAM4 = .)

.uninit_RESERVED
                0x0000000020010000        0x0
 *(SORT_BY_ALIGNMENT(.bss.$RESERVED*))
                0x0000000020010000                . = ALIGN (0x4)
                0x0000000020010000                _end_uninit_RESERVED = .

.data           0x0000000020010000        0x4 load address 0x0000000000004b60
 FILL mask 0xff
                0x0000000020010000                _data = .
 *(SORT_BY_ALIGNMENT(vtable))
 *(SORT_BY_ALIGNMENT(.ramfunc*))
 *(SORT_BY_ALIGNMENT(.data*))
 .data.SystemCoreClock
                0x0000000020010000        0x4 ./device/system_LPC54114_cm4.o
                0x0000000020010000                SystemCoreClock
                0x0000000020010004                . = ALIGN (0x4)
                0x0000000020010004                _edata = .

.igot.plt       0x0000000020010004        0x0 load address 0x0000000000004b64
 .igot.plt      0x0000000020010004        0x0 ./utilities/fsl_debug_console.o

.bss_RAM2       0x0000000020000000        0x0
                [!provide]                        PROVIDE (__start_bss_RAM2 = .)
 *(SORT_BY_ALIGNMENT(.bss.$RAM2*))
 *(SORT_BY_ALIGNMENT(.bss.$SRAM0*))
                0x0000000020000000                . = ALIGN ((. != 0x0)?0x4:0x1)
                [!provide]                        PROVIDE (__end_bss_RAM2 = .)

.bss_RAM3       0x0000000004000000        0x0
                [!provide]                        PROVIDE (__start_bss_RAM3 = .)
 *(SORT_BY_ALIGNMENT(.bss.$RAM3*))
 *(SORT_BY_ALIGNMENT(.bss.$SRAMX*))
                0x0000000004000000                . = ALIGN ((. != 0x0)?0x4:0x1)
                [!provide]                        PROVIDE (__end_bss_RAM3 = .)

.bss_RAM4       0x0000000020020000        0x0
                [!provide]                        PROVIDE (__start_bss_RAM4 = .)
 *(SORT_BY_ALIGNMENT(.bss.$RAM4*))
 *(SORT_BY_ALIGNMENT(.bss.$SRAM2*))
                0x0000000020020000                . = ALIGN ((. != 0x0)?0x4:0x1)
                [!provide]                        PROVIDE (__end_bss_RAM4 = .)

.bss            0x0000000020010004      0x218
                0x0000000020010004                _bss = .
 *(SORT_BY_ALIGNMENT(.bss*))
 .bss.s_debugConsoleState
                0x0000000020010004       0x1c ./utilities/fsl_debug_console.o
 .bss.g_serialHandle
                0x0000000020010020        0x4 ./utilities/fsl_debug_console.o
                0x0000000020010020                g_serialHandle
 .bss.__SWVtrace_Enabled
                0x0000000020010024        0x4 ./startup/startup_lpc5411x.o
                0x0000000020010024                __SWVtrace_Enabled
 .bss.i.7570    0x0000000020010028        0x4 ./source/LPC54114J256_Project.o
 .bss.MCMGR_eventTable
                0x000000002001002c       0x40 ./mcmgr/mcmgr.o
                0x000000002001002c                MCMGR_eventTable
 .bss.s_Pll_Freq
                0x000000002001006c        0x4 ./drivers/fsl_clock.o
 .bss.s_I2S_Mclk_Freq
                0x0000000020010070        0x4 ./drivers/fsl_clock.o
 .bss.s_ctimerCallback
                0x0000000020010074       0x14 ./drivers/fsl_ctimer.o
 .bss.ctimerCallbackType
                0x0000000020010088        0x5 ./drivers/fsl_ctimer.o
 *fill*         0x000000002001008d        0x3 
 .bss.s_flexcommIrqHandler
                0x0000000020010090       0x20 ./drivers/fsl_flexcomm.o
 .bss.s_flexcommHandle
                0x00000000200100b0       0x20 ./drivers/fsl_flexcomm.o
 .bss.pxCurrentTCB
                0x00000000200100d0        0x4 ./amazon-freertos/FreeRTOS/tasks.o
                0x00000000200100d0                pxCurrentTCB
 .bss.pxReadyTasksLists
                0x00000000200100d4       0x64 ./amazon-freertos/FreeRTOS/tasks.o
 .bss.pxDelayedTaskList
                0x0000000020010138        0x4 ./amazon-freertos/FreeRTOS/tasks.o
 .bss.pxOverflowDelayedTaskList
                0x000000002001013c        0x4 ./amazon-freertos/FreeRTOS/tasks.o
 .bss.xTickCount
                0x0000000020010140        0x4 ./amazon-freertos/FreeRTOS/tasks.o
 .bss.uxTopReadyPriority
                0x0000000020010144        0x4 ./amazon-freertos/FreeRTOS/tasks.o
 .bss.uxPendedTicks
                0x0000000020010148        0x4 ./amazon-freertos/FreeRTOS/tasks.o
 .bss.xYieldPending
                0x000000002001014c        0x4 ./amazon-freertos/FreeRTOS/tasks.o
 .bss.xNumOfOverflows
                0x0000000020010150        0x4 ./amazon-freertos/FreeRTOS/tasks.o
 .bss.xNextTaskUnblockTime
                0x0000000020010154        0x4 ./amazon-freertos/FreeRTOS/tasks.o
 .bss.uxSchedulerSuspended
                0x0000000020010158        0x4 ./amazon-freertos/FreeRTOS/tasks.o
 .bss.__Ciob    0x000000002001015c       0xb4 /usr/local/mcuxpressoide-10.3.1_2233/ide/plugins/com.nxp.mcuxpresso.tools.linux_10.3.0.201811011841/tools/bin/../lib/gcc/arm-none-eabi/7.3.1/../../../../arm-none-eabi/lib/thumb/v7e-m/fpv4-sp/hard/libcr_semihost_nf.a(__ciob.o)
                0x000000002001015c                __Ciob
 .bss.__end_of_heap
                0x0000000020010210        0x4 /usr/local/mcuxpressoide-10.3.1_2233/ide/plugins/com.nxp.mcuxpresso.tools.linux_10.3.0.201811011841/tools/bin/../lib/gcc/arm-none-eabi/7.3.1/../../../../arm-none-eabi/lib/thumb/v7e-m/fpv4-sp/hard/libcr_c.a(__init_alloc.o)
                0x0000000020010210                __end_of_heap
 .bss.__heaps   0x0000000020010214        0x4 /usr/local/mcuxpressoide-10.3.1_2233/ide/plugins/com.nxp.mcuxpresso.tools.linux_10.3.0.201811011841/tools/bin/../lib/gcc/arm-none-eabi/7.3.1/../../../../arm-none-eabi/lib/thumb/v7e-m/fpv4-sp/hard/libcr_c.a(__init_alloc.o)
                0x0000000020010214                __heaps
 .bss.errno     0x0000000020010218        0x4 /usr/local/mcuxpressoide-10.3.1_2233/ide/plugins/com.nxp.mcuxpresso.tools.linux_10.3.0.201811011841/tools/bin/../lib/gcc/arm-none-eabi/7.3.1/../../../../arm-none-eabi/lib/thumb/v7e-m/fpv4-sp/hard/libcr_c.a(errno.o)
                0x0000000020010218                errno
 *(SORT_BY_ALIGNMENT(COMMON))
                0x000000002001021c                . = ALIGN (0x4)
                0x000000002001021c                _ebss = .
                [!provide]                        PROVIDE (end = .)

.noinit_RAM2    0x0000000020000000        0x0
 *(SORT_BY_ALIGNMENT(.noinit.$RAM2*))
 *(SORT_BY_ALIGNMENT(.noinit.$SRAM0*))
                0x0000000020000000                . = ALIGN (0x4)

.noinit_RAM3    0x0000000004000000        0x0
 *(SORT_BY_ALIGNMENT(.noinit.$RAM3*))
 *(SORT_BY_ALIGNMENT(.noinit.$SRAMX*))
                0x0000000004000000                . = ALIGN (0x4)

.noinit_RAM4    0x0000000020020000        0x0
 *(SORT_BY_ALIGNMENT(.noinit.$RAM4*))
 *(SORT_BY_ALIGNMENT(.noinit.$SRAM2*))
                0x0000000020020000                . = ALIGN (0x4)

.noinit         0x000000002001021c        0x0
                0x000000002001021c                _noinit = .
 *(SORT_BY_ALIGNMENT(.noinit*))
                0x000000002001021c                . = ALIGN (0x4)
                0x000000002001021c                _end_noinit = .
                0x0000000000001000                _HeapSize = 0x1000

.heap           0x000000002001021c     0x1000
                0x000000002001021c                _pvHeapStart = .
                0x000000002001121c                . = (. + _HeapSize)
 *fill*         0x000000002001021c     0x1000 
                0x000000002001121c                . = ALIGN (0x4)
                0x000000002001121c                _pvHeapLimit = .
                0x0000000000001000                _StackSize = 0x1000

.heap2stackfill
                0x000000002001121c     0x1000
                0x000000002001221c                . = (. + _StackSize)
 *fill*         0x000000002001121c     0x1000 

.stack          0x000000002001f000        0x0
                0x000000002001f000                _vStackBase = .
                0x000000002001f000                . = ALIGN (0x4)
                0x0000000020020000                _vStackTop = (. + _StackSize)
                0xffffffffdffdd239                PROVIDE (__valid_user_code_checksum = (0x0 - (((_vStackTop + (ResetISR + 0x1)) + (DEFINED (NMI_Handler)?NMI_Handler:M0_NMI_Handler + 0x1)) + (DEFINED (HardFault_Handler)?HardFault_Handler:M0_HardFault_Handler + 0x1))))
                0x0000000000000000                _image_start = LOADADDR (.text)
                0x0000000000004b64                _image_end = (LOADADDR (.data) + SIZEOF (.data))
                0x0000000000004b64                _image_size = (_image_end - _image_start)
OUTPUT(LPC54114J256_Project.axf elf32-littlearm)

.debug_info     0x0000000000000000    0x128b8
 .debug_info    0x0000000000000000      0x8ee ./utilities/fsl_debug_console.o
 .debug_info    0x00000000000008ee      0x596 ./startup/startup_lpc5411x.o
 .debug_info    0x0000000000000e84      0x207 ./source/LPC54114J256_Project.o
 .debug_info    0x000000000000108b       0x3b ./source/semihost_hardfault.o
 .debug_info    0x00000000000010c6      0x7e5 ./mcmgr/mcmgr.o
 .debug_info    0x00000000000018ab     0x19d9 ./mcmgr/mcmgr_internal_core_api_lpc54114.o
 .debug_info    0x0000000000003284     0x23e8 ./drivers/fsl_clock.o
 .debug_info    0x000000000000566c     0x1b25 ./drivers/fsl_ctimer.o
 .debug_info    0x0000000000007191     0x14de ./drivers/fsl_flexcomm.o
 .debug_info    0x000000000000866f      0xb5b ./drivers/fsl_reset.o
 .debug_info    0x00000000000091ca     0x13af ./drivers/fsl_usart.o
 .debug_info    0x000000000000a579      0xca2 ./device/system_LPC54114_cm4.o
 .debug_info    0x000000000000b21b      0xbaa ./component/uart/usart_adapter.o
 .debug_info    0x000000000000bdc5      0x6ea ./component/serial_manager/serial_manager.o
 .debug_info    0x000000000000c4af      0x4a9 ./component/serial_manager/serial_port_uart.o
 .debug_info    0x000000000000c958      0x934 ./board/board.o
 .debug_info    0x000000000000d28c      0xca6 ./board/clock_config.o
 .debug_info    0x000000000000df32       0x4c ./board/peripherals.o
 .debug_info    0x000000000000df7e      0xe9f ./board/pin_mux.o
 .debug_info    0x000000000000ee1d      0x52e ./amazon-freertos/FreeRTOS/portable/port.o
 .debug_info    0x000000000000f34b      0x2c9 ./amazon-freertos/FreeRTOS/list.o
 .debug_info    0x000000000000f614     0x1fce ./amazon-freertos/FreeRTOS/tasks.o
 .debug_info    0x00000000000115e2     0x12d6 /home/sukhvir/Documents/MCUXpresso_10.3.1_2233/workspace/LPC54114J256_Project/libs/libpower_cm4_hardabi.a(fsl_power_lib.o)

.debug_abbrev   0x0000000000000000     0x2b08
 .debug_abbrev  0x0000000000000000      0x19a ./utilities/fsl_debug_console.o
 .debug_abbrev  0x000000000000019a      0x158 ./startup/startup_lpc5411x.o
 .debug_abbrev  0x00000000000002f2       0xd1 ./source/LPC54114J256_Project.o
 .debug_abbrev  0x00000000000003c3       0x2f ./source/semihost_hardfault.o
 .debug_abbrev  0x00000000000003f2      0x1c1 ./mcmgr/mcmgr.o
 .debug_abbrev  0x00000000000005b3      0x2b1 ./mcmgr/mcmgr_internal_core_api_lpc54114.o
 .debug_abbrev  0x0000000000000864      0x35e ./drivers/fsl_clock.o
 .debug_abbrev  0x0000000000000bc2      0x30b ./drivers/fsl_ctimer.o
 .debug_abbrev  0x0000000000000ecd      0x293 ./drivers/fsl_flexcomm.o
 .debug_abbrev  0x0000000000001160      0x195 ./drivers/fsl_reset.o
 .debug_abbrev  0x00000000000012f5      0x327 ./drivers/fsl_usart.o
 .debug_abbrev  0x000000000000161c      0x1ec ./device/system_LPC54114_cm4.o
 .debug_abbrev  0x0000000000001808      0x1c0 ./component/uart/usart_adapter.o
 .debug_abbrev  0x00000000000019c8      0x163 ./component/serial_manager/serial_manager.o
 .debug_abbrev  0x0000000000001b2b      0x148 ./component/serial_manager/serial_port_uart.o
 .debug_abbrev  0x0000000000001c73      0x14f ./board/board.o
 .debug_abbrev  0x0000000000001dc2      0x171 ./board/clock_config.o
 .debug_abbrev  0x0000000000001f33       0x47 ./board/peripherals.o
 .debug_abbrev  0x0000000000001f7a      0x224 ./board/pin_mux.o
 .debug_abbrev  0x000000000000219e      0x24c ./amazon-freertos/FreeRTOS/portable/port.o
 .debug_abbrev  0x00000000000023ea      0x119 ./amazon-freertos/FreeRTOS/list.o
 .debug_abbrev  0x0000000000002503      0x2e0 ./amazon-freertos/FreeRTOS/tasks.o
 .debug_abbrev  0x00000000000027e3      0x325 /home/sukhvir/Documents/MCUXpresso_10.3.1_2233/workspace/LPC54114J256_Project/libs/libpower_cm4_hardabi.a(fsl_power_lib.o)

.debug_aranges  0x0000000000000000      0xd30
 .debug_aranges
                0x0000000000000000       0x50 ./utilities/fsl_debug_console.o
 .debug_aranges
                0x0000000000000050      0x1c8 ./startup/startup_lpc5411x.o
 .debug_aranges
                0x0000000000000218       0x20 ./source/LPC54114J256_Project.o
 .debug_aranges
                0x0000000000000238       0x20 ./source/semihost_hardfault.o
 .debug_aranges
                0x0000000000000258       0x90 ./mcmgr/mcmgr.o
 .debug_aranges
                0x00000000000002e8       0x98 ./mcmgr/mcmgr_internal_core_api_lpc54114.o
 .debug_aranges
                0x0000000000000380      0x1b0 ./drivers/fsl_clock.o
 .debug_aranges
                0x0000000000000530       0xd0 ./drivers/fsl_ctimer.o
 .debug_aranges
                0x0000000000000600       0x88 ./drivers/fsl_flexcomm.o
 .debug_aranges
                0x0000000000000688       0x48 ./drivers/fsl_reset.o
 .debug_aranges
                0x00000000000006d0       0xd8 ./drivers/fsl_usart.o
 .debug_aranges
                0x00000000000007a8       0x68 ./device/system_LPC54114_cm4.o
 .debug_aranges
                0x0000000000000810       0x40 ./component/uart/usart_adapter.o
 .debug_aranges
                0x0000000000000850       0x88 ./component/serial_manager/serial_manager.o
 .debug_aranges
                0x00000000000008d8       0x38 ./component/serial_manager/serial_port_uart.o
 .debug_aranges
                0x0000000000000910       0x28 ./board/board.o
 .debug_aranges
                0x0000000000000938       0x40 ./board/clock_config.o
 .debug_aranges
                0x0000000000000978       0x28 ./board/peripherals.o
 .debug_aranges
                0x00000000000009a0       0x78 ./board/pin_mux.o
 .debug_aranges
                0x0000000000000a18       0x78 ./amazon-freertos/FreeRTOS/portable/port.o
 .debug_aranges
                0x0000000000000a90       0x40 ./amazon-freertos/FreeRTOS/list.o
 .debug_aranges
                0x0000000000000ad0      0x208 ./amazon-freertos/FreeRTOS/tasks.o
 .debug_aranges
                0x0000000000000cd8       0x58 /home/sukhvir/Documents/MCUXpresso_10.3.1_2233/workspace/LPC54114J256_Project/libs/libpower_cm4_hardabi.a(fsl_power_lib.o)

.debug_ranges   0x0000000000000000      0xbf0
 .debug_ranges  0x0000000000000000       0x40 ./utilities/fsl_debug_console.o
 .debug_ranges  0x0000000000000040      0x1b8 ./startup/startup_lpc5411x.o
 .debug_ranges  0x00000000000001f8       0x10 ./source/LPC54114J256_Project.o
 .debug_ranges  0x0000000000000208       0x10 ./source/semihost_hardfault.o
 .debug_ranges  0x0000000000000218       0x80 ./mcmgr/mcmgr.o
 .debug_ranges  0x0000000000000298       0x88 ./mcmgr/mcmgr_internal_core_api_lpc54114.o
 .debug_ranges  0x0000000000000320      0x1a0 ./drivers/fsl_clock.o
 .debug_ranges  0x00000000000004c0       0xc0 ./drivers/fsl_ctimer.o
 .debug_ranges  0x0000000000000580       0x78 ./drivers/fsl_flexcomm.o
 .debug_ranges  0x00000000000005f8       0x38 ./drivers/fsl_reset.o
 .debug_ranges  0x0000000000000630       0xc8 ./drivers/fsl_usart.o
 .debug_ranges  0x00000000000006f8       0x58 ./device/system_LPC54114_cm4.o
 .debug_ranges  0x0000000000000750       0x30 ./component/uart/usart_adapter.o
 .debug_ranges  0x0000000000000780       0x78 ./component/serial_manager/serial_manager.o
 .debug_ranges  0x00000000000007f8       0x28 ./component/serial_manager/serial_port_uart.o
 .debug_ranges  0x0000000000000820       0x18 ./board/board.o
 .debug_ranges  0x0000000000000838       0x30 ./board/clock_config.o
 .debug_ranges  0x0000000000000868       0x18 ./board/peripherals.o
 .debug_ranges  0x0000000000000880       0x68 ./board/pin_mux.o
 .debug_ranges  0x00000000000008e8       0x68 ./amazon-freertos/FreeRTOS/portable/port.o
 .debug_ranges  0x0000000000000950       0x30 ./amazon-freertos/FreeRTOS/list.o
 .debug_ranges  0x0000000000000980      0x1f8 ./amazon-freertos/FreeRTOS/tasks.o
 .debug_ranges  0x0000000000000b78       0x78 /home/sukhvir/Documents/MCUXpresso_10.3.1_2233/workspace/LPC54114J256_Project/libs/libpower_cm4_hardabi.a(fsl_power_lib.o)

.debug_macro    0x0000000000000000     0xbe13
 .debug_macro   0x0000000000000000      0x242 ./utilities/fsl_debug_console.o
 .debug_macro   0x0000000000000242      0xaae ./utilities/fsl_debug_console.o
 .debug_macro   0x0000000000000cf0       0x10 ./utilities/fsl_debug_console.o
 .debug_macro   0x0000000000000d00       0x16 ./utilities/fsl_debug_console.o
 .debug_macro   0x0000000000000d16       0x10 ./utilities/fsl_debug_console.o
 .debug_macro   0x0000000000000d26      0x12d ./utilities/fsl_debug_console.o
 .debug_macro   0x0000000000000e53       0x28 ./utilities/fsl_debug_console.o
 .debug_macro   0x0000000000000e7b      0x5b2 ./utilities/fsl_debug_console.o
 .debug_macro   0x000000000000142d      0x189 ./utilities/fsl_debug_console.o
 .debug_macro   0x00000000000015b6      0x15a ./utilities/fsl_debug_console.o
 .debug_macro   0x0000000000001710       0xdd ./utilities/fsl_debug_console.o
 .debug_macro   0x00000000000017ed       0x10 ./utilities/fsl_debug_console.o
 .debug_macro   0x00000000000017fd       0x1f ./utilities/fsl_debug_console.o
 .debug_macro   0x000000000000181c      0x3fb ./utilities/fsl_debug_console.o
 .debug_macro   0x0000000000001c17       0xb5 ./utilities/fsl_debug_console.o
 .debug_macro   0x0000000000001ccc       0x8c ./utilities/fsl_debug_console.o
 .debug_macro   0x0000000000001d58       0x86 ./utilities/fsl_debug_console.o
 .debug_macro   0x0000000000001dde       0x7e ./utilities/fsl_debug_console.o
 .debug_macro   0x0000000000001e5c       0x54 ./utilities/fsl_debug_console.o
 .debug_macro   0x0000000000001eb0       0x16 ./utilities/fsl_debug_console.o
 .debug_macro   0x0000000000001ec6       0x22 ./utilities/fsl_debug_console.o
 .debug_macro   0x0000000000001ee8       0x10 ./utilities/fsl_debug_console.o
 .debug_macro   0x0000000000001ef8       0x38 ./utilities/fsl_debug_console.o
 .debug_macro   0x0000000000001f30       0x1c ./utilities/fsl_debug_console.o
 .debug_macro   0x0000000000001f4c       0x22 ./utilities/fsl_debug_console.o
 .debug_macro   0x0000000000001f6e       0xdf ./utilities/fsl_debug_console.o
 .debug_macro   0x000000000000204d      0xff5 ./utilities/fsl_debug_console.o
 .debug_macro   0x0000000000003042       0xe2 ./utilities/fsl_debug_console.o
 .debug_macro   0x0000000000003124       0x2e ./utilities/fsl_debug_console.o
 .debug_macro   0x0000000000003152     0x68c5 ./utilities/fsl_debug_console.o
 .debug_macro   0x0000000000009a17      0x222 ./utilities/fsl_debug_console.o
 .debug_macro   0x0000000000009c39       0x52 ./utilities/fsl_debug_console.o
 .debug_macro   0x0000000000009c8b      0x1f1 ./utilities/fsl_debug_console.o
 .debug_macro   0x0000000000009e7c       0x73 ./utilities/fsl_debug_console.o
 .debug_macro   0x0000000000009eef       0x7b ./utilities/fsl_debug_console.o
 .debug_macro   0x0000000000009f6a       0x2e ./utilities/fsl_debug_console.o
 .debug_macro   0x0000000000009f98       0x10 ./utilities/fsl_debug_console.o
 .debug_macro   0x0000000000009fa8       0x2e ./utilities/fsl_debug_console.o
 .debug_macro   0x0000000000009fd6       0x1c ./utilities/fsl_debug_console.o
 .debug_macro   0x0000000000009ff2       0xd2 ./utilities/fsl_debug_console.o
 .debug_macro   0x000000000000a0c4       0x1c ./utilities/fsl_debug_console.o
 .debug_macro   0x000000000000a0e0       0x32 ./startup/startup_lpc5411x.o
 .debug_macro   0x000000000000a112       0x34 ./startup/startup_lpc5411x.o
 .debug_macro   0x000000000000a146      0x1a8 ./source/LPC54114J256_Project.o
 .debug_macro   0x000000000000a2ee       0xd8 ./source/LPC54114J256_Project.o
 .debug_macro   0x000000000000a3c6       0x22 ./source/LPC54114J256_Project.o
 .debug_macro   0x000000000000a3e8       0x22 ./source/LPC54114J256_Project.o
 .debug_macro   0x000000000000a40a      0x1a6 ./source/LPC54114J256_Project.o
 .debug_macro   0x000000000000a5b0      0x240 ./source/LPC54114J256_Project.o
 .debug_macro   0x000000000000a7f0       0x2e ./source/LPC54114J256_Project.o
 .debug_macro   0x000000000000a81e       0x11 ./source/semihost_hardfault.o
 .debug_macro   0x000000000000a82f       0x72 ./mcmgr/mcmgr.o
 .debug_macro   0x000000000000a8a1      0x16a ./mcmgr/mcmgr_internal_core_api_lpc54114.o
 .debug_macro   0x000000000000aa0b      0x1e5 ./drivers/fsl_clock.o
 .debug_macro   0x000000000000abf0       0x22 ./drivers/fsl_clock.o
 .debug_macro   0x000000000000ac12      0x138 ./drivers/fsl_ctimer.o
 .debug_macro   0x000000000000ad4a      0x131 ./drivers/fsl_flexcomm.o
 .debug_macro   0x000000000000ae7b       0x10 ./drivers/fsl_flexcomm.o
 .debug_macro   0x000000000000ae8b      0x128 ./drivers/fsl_reset.o
 .debug_macro   0x000000000000afb3      0x140 ./drivers/fsl_usart.o
 .debug_macro   0x000000000000b0f3       0x16 ./drivers/fsl_usart.o
 .debug_macro   0x000000000000b109       0xdf ./device/system_LPC54114_cm4.o
 .debug_macro   0x000000000000b1e8      0x147 ./component/uart/usart_adapter.o
 .debug_macro   0x000000000000b32f       0x1c ./component/uart/usart_adapter.o
 .debug_macro   0x000000000000b34b      0x151 ./component/serial_manager/serial_manager.o
 .debug_macro   0x000000000000b49c      0x142 ./component/serial_manager/serial_port_uart.o
 .debug_macro   0x000000000000b5de       0x1c ./component/serial_manager/serial_port_uart.o
 .debug_macro   0x000000000000b5fa      0x192 ./board/board.o
 .debug_macro   0x000000000000b78c       0x28 ./board/board.o
 .debug_macro   0x000000000000b7b4       0x16 ./board/board.o
 .debug_macro   0x000000000000b7ca      0x148 ./board/clock_config.o
 .debug_macro   0x000000000000b912       0x1c ./board/clock_config.o
 .debug_macro   0x000000000000b92e       0x1b ./board/peripherals.o
 .debug_macro   0x000000000000b949      0x13f ./board/pin_mux.o
 .debug_macro   0x000000000000ba88      0x134 ./amazon-freertos/FreeRTOS/portable/port.o
 .debug_macro   0x000000000000bbbc       0xb8 ./amazon-freertos/FreeRTOS/list.o
 .debug_macro   0x000000000000bc74      0x18f ./amazon-freertos/FreeRTOS/tasks.o
 .debug_macro   0x000000000000be03       0x10 ./amazon-freertos/FreeRTOS/tasks.o

.debug_line     0x0000000000000000     0x6a8e
 .debug_line    0x0000000000000000      0x557 ./utilities/fsl_debug_console.o
 .debug_line    0x0000000000000557      0x43d ./startup/startup_lpc5411x.o
 .debug_line    0x0000000000000994      0x389 ./source/LPC54114J256_Project.o
 .debug_line    0x0000000000000d1d       0x54 ./source/semihost_hardfault.o
 .debug_line    0x0000000000000d71      0x2f0 ./mcmgr/mcmgr.o
 .debug_line    0x0000000000001061      0x49d ./mcmgr/mcmgr_internal_core_api_lpc54114.o
 .debug_line    0x00000000000014fe      0xa43 ./drivers/fsl_clock.o
 .debug_line    0x0000000000001f41      0x565 ./drivers/fsl_ctimer.o
 .debug_line    0x00000000000024a6      0x490 ./drivers/fsl_flexcomm.o
 .debug_line    0x0000000000002936      0x358 ./drivers/fsl_reset.o
 .debug_line    0x0000000000002c8e      0x7db ./drivers/fsl_usart.o
 .debug_line    0x0000000000003469      0x397 ./device/system_LPC54114_cm4.o
 .debug_line    0x0000000000003800      0x3ac ./component/uart/usart_adapter.o
 .debug_line    0x0000000000003bac      0x4df ./component/serial_manager/serial_manager.o
 .debug_line    0x000000000000408b      0x3a5 ./component/serial_manager/serial_port_uart.o
 .debug_line    0x0000000000004430      0x371 ./board/board.o
 .debug_line    0x00000000000047a1      0x339 ./board/clock_config.o
 .debug_line    0x0000000000004ada       0x69 ./board/peripherals.o
 .debug_line    0x0000000000004b43      0x4d3 ./board/pin_mux.o
 .debug_line    0x0000000000005016      0x465 ./amazon-freertos/FreeRTOS/portable/port.o
 .debug_line    0x000000000000547b      0x2e6 ./amazon-freertos/FreeRTOS/list.o
 .debug_line    0x0000000000005761      0xfc8 ./amazon-freertos/FreeRTOS/tasks.o
 .debug_line    0x0000000000006729      0x365 /home/sukhvir/Documents/MCUXpresso_10.3.1_2233/workspace/LPC54114J256_Project/libs/libpower_cm4_hardabi.a(fsl_power_lib.o)

.debug_str      0x0000000000000000    0x5470f
 .debug_str     0x0000000000000000    0x4ac97 ./utilities/fsl_debug_console.o
                                      0x4ad76 (size before relaxing)
 .debug_str     0x000000000004ac97      0x5fb ./startup/startup_lpc5411x.o
                                       0x346c (size before relaxing)
 .debug_str     0x000000000004b292     0x149e ./source/LPC54114J256_Project.o
                                      0x466a1 (size before relaxing)
 .debug_str     0x000000000004c730       0x1f ./source/semihost_hardfault.o
                                       0x2e26 (size before relaxing)
 .debug_str     0x000000000004c74f      0x64e ./mcmgr/mcmgr.o
                                       0x4fa4 (size before relaxing)
 .debug_str     0x000000000004cd9d      0xf40 ./mcmgr/mcmgr_internal_core_api_lpc54114.o
                                      0x46c94 (size before relaxing)
 .debug_str     0x000000000004dcdd     0x1ae5 ./drivers/fsl_clock.o
                                      0x479db (size before relaxing)
 .debug_str     0x000000000004f7c2      0x86b ./drivers/fsl_ctimer.o
                                      0x46abf (size before relaxing)
 .debug_str     0x000000000005002d      0x307 ./drivers/fsl_flexcomm.o
                                      0x4671c (size before relaxing)
 .debug_str     0x0000000000050334      0x117 ./drivers/fsl_reset.o
                                      0x454b7 (size before relaxing)
 .debug_str     0x000000000005044b      0xa83 ./drivers/fsl_usart.o
                                      0x464b1 (size before relaxing)
 .debug_str     0x0000000000050ece       0xea ./device/system_LPC54114_cm4.o
                                      0x43b5d (size before relaxing)
 .debug_str     0x0000000000050fb8      0x324 ./component/uart/usart_adapter.o
                                      0x4600b (size before relaxing)
 .debug_str     0x00000000000512dc      0x36c ./component/serial_manager/serial_manager.o
                                      0x45371 (size before relaxing)
 .debug_str     0x0000000000051648       0xfc ./component/serial_manager/serial_port_uart.o
                                      0x4541e (size before relaxing)
 .debug_str     0x0000000000051744       0x50 ./board/board.o
                                      0x472f9 (size before relaxing)
 .debug_str     0x0000000000051794       0x69 ./board/clock_config.o
                                      0x45c5c (size before relaxing)
 .debug_str     0x00000000000517fd       0x47 ./board/peripherals.o
                                       0x2e4d (size before relaxing)
 .debug_str     0x0000000000051844      0x21a ./board/pin_mux.o
                                      0x45f70 (size before relaxing)
 .debug_str     0x0000000000051a5e      0x928 ./amazon-freertos/FreeRTOS/portable/port.o
                                       0x89b2 (size before relaxing)
 .debug_str     0x0000000000052386      0x139 ./amazon-freertos/FreeRTOS/list.o
                                       0x7c39 (size before relaxing)
 .debug_str     0x00000000000524bf     0x1d33 ./amazon-freertos/FreeRTOS/tasks.o
                                       0x9fd3 (size before relaxing)
 .debug_str     0x00000000000541f2      0x51d /home/sukhvir/Documents/MCUXpresso_10.3.1_2233/workspace/LPC54114J256_Project/libs/libpower_cm4_hardabi.a(fsl_power_lib.o)
                                        0xbcd (size before relaxing)

.comment        0x0000000000000000       0xfe
 .comment       0x0000000000000000       0x7f ./utilities/fsl_debug_console.o
                                         0x80 (size before relaxing)
 .comment       0x000000000000007f       0x80 ./startup/startup_lpc5411x.o
 .comment       0x000000000000007f       0x80 ./source/LPC54114J256_Project.o
 .comment       0x000000000000007f       0x80 ./source/semihost_hardfault.o
 .comment       0x000000000000007f       0x80 ./mcmgr/mcmgr.o
 .comment       0x000000000000007f       0x80 ./mcmgr/mcmgr_internal_core_api_lpc54114.o
 .comment       0x000000000000007f       0x80 ./drivers/fsl_clock.o
 .comment       0x000000000000007f       0x80 ./drivers/fsl_ctimer.o
 .comment       0x000000000000007f       0x80 ./drivers/fsl_flexcomm.o
 .comment       0x000000000000007f       0x80 ./drivers/fsl_reset.o
 .comment       0x000000000000007f       0x80 ./drivers/fsl_usart.o
 .comment       0x000000000000007f       0x80 ./device/system_LPC54114_cm4.o
 .comment       0x000000000000007f       0x80 ./component/uart/usart_adapter.o
 .comment       0x000000000000007f       0x80 ./component/serial_manager/serial_manager.o
 .comment       0x000000000000007f       0x80 ./component/serial_manager/serial_port_uart.o
 .comment       0x000000000000007f       0x80 ./board/board.o
 .comment       0x000000000000007f       0x80 ./board/clock_config.o
 .comment       0x000000000000007f       0x80 ./board/peripherals.o
 .comment       0x000000000000007f       0x80 ./board/pin_mux.o
 .comment       0x000000000000007f       0x80 ./amazon-freertos/FreeRTOS/portable/port.o
 .comment       0x000000000000007f       0x80 ./amazon-freertos/FreeRTOS/list.o
 .comment       0x000000000000007f       0x80 ./amazon-freertos/FreeRTOS/tasks.o
 .comment       0x000000000000007f       0x7f /home/sukhvir/Documents/MCUXpresso_10.3.1_2233/workspace/LPC54114J256_Project/libs/libpower_cm4_hardabi.a(fsl_power_lib.o)
                                         0x80 (size before relaxing)
 .comment       0x00000000000000fe       0x80 /usr/local/mcuxpressoide-10.3.1_2233/ide/plugins/com.nxp.mcuxpresso.tools.linux_10.3.0.201811011841/tools/bin/../lib/gcc/arm-none-eabi/7.3.1/../../../../arm-none-eabi/lib/thumb/v7e-m/fpv4-sp/hard/libcr_semihost_nf.a(_cr__main.o)
 .comment       0x00000000000000fe       0x80 /usr/local/mcuxpressoide-10.3.1_2233/ide/plugins/com.nxp.mcuxpresso.tools.linux_10.3.0.201811011841/tools/bin/../lib/gcc/arm-none-eabi/7.3.1/../../../../arm-none-eabi/lib/thumb/v7e-m/fpv4-sp/hard/libcr_semihost_nf.a(_cr_assert.o)
 .comment       0x00000000000000fe       0x80 /usr/local/mcuxpressoide-10.3.1_2233/ide/plugins/com.nxp.mcuxpresso.tools.linux_10.3.0.201811011841/tools/bin/../lib/gcc/arm-none-eabi/7.3.1/../../../../arm-none-eabi/lib/thumb/v7e-m/fpv4-sp/hard/libcr_semihost_nf.a(__ciob.o)
 .comment       0x00000000000000fe       0x80 /usr/local/mcuxpressoide-10.3.1_2233/ide/plugins/com.nxp.mcuxpresso.tools.linux_10.3.0.201811011841/tools/bin/../lib/gcc/arm-none-eabi/7.3.1/../../../../arm-none-eabi/lib/thumb/v7e-m/fpv4-sp/hard/libcr_c.a(memset.o)
 .comment       0x00000000000000fe       0x80 /usr/local/mcuxpressoide-10.3.1_2233/ide/plugins/com.nxp.mcuxpresso.tools.linux_10.3.0.201811011841/tools/bin/../lib/gcc/arm-none-eabi/7.3.1/../../../../arm-none-eabi/lib/thumb/v7e-m/fpv4-sp/hard/libcr_c.a(_deferredlazyseek.o)
 .comment       0x00000000000000fe       0x80 /usr/local/mcuxpressoide-10.3.1_2233/ide/plugins/com.nxp.mcuxpresso.tools.linux_10.3.0.201811011841/tools/bin/../lib/gcc/arm-none-eabi/7.3.1/../../../../arm-none-eabi/lib/thumb/v7e-m/fpv4-sp/hard/libcr_c.a(_fflush.o)
 .comment       0x00000000000000fe       0x80 /usr/local/mcuxpressoide-10.3.1_2233/ide/plugins/com.nxp.mcuxpresso.tools.linux_10.3.0.201811011841/tools/bin/../lib/gcc/arm-none-eabi/7.3.1/../../../../arm-none-eabi/lib/thumb/v7e-m/fpv4-sp/hard/libcr_c.a(_writebuf.o)
 .comment       0x00000000000000fe       0x80 /usr/local/mcuxpressoide-10.3.1_2233/ide/plugins/com.nxp.mcuxpresso.tools.linux_10.3.0.201811011841/tools/bin/../lib/gcc/arm-none-eabi/7.3.1/../../../../arm-none-eabi/lib/thumb/v7e-m/fpv4-sp/hard/libcr_c.a(alloc.o)
 .comment       0x00000000000000fe       0x80 /usr/local/mcuxpressoide-10.3.1_2233/ide/plugins/com.nxp.mcuxpresso.tools.linux_10.3.0.201811011841/tools/bin/../lib/gcc/arm-none-eabi/7.3.1/../../../../arm-none-eabi/lib/thumb/v7e-m/fpv4-sp/hard/libcr_c.a(fputs.o)
 .comment       0x00000000000000fe       0x80 /usr/local/mcuxpressoide-10.3.1_2233/ide/plugins/com.nxp.mcuxpresso.tools.linux_10.3.0.201811011841/tools/bin/../lib/gcc/arm-none-eabi/7.3.1/../../../../arm-none-eabi/lib/thumb/v7e-m/fpv4-sp/hard/libcr_c.a(fseek.o)
 .comment       0x00000000000000fe       0x80 /usr/local/mcuxpressoide-10.3.1_2233/ide/plugins/com.nxp.mcuxpresso.tools.linux_10.3.0.201811011841/tools/bin/../lib/gcc/arm-none-eabi/7.3.1/../../../../arm-none-eabi/lib/thumb/v7e-m/fpv4-sp/hard/libcr_c.a(ftell.o)
 .comment       0x00000000000000fe       0x80 /usr/local/mcuxpressoide-10.3.1_2233/ide/plugins/com.nxp.mcuxpresso.tools.linux_10.3.0.201811011841/tools/bin/../lib/gcc/arm-none-eabi/7.3.1/../../../../arm-none-eabi/lib/thumb/v7e-m/fpv4-sp/hard/libcr_c.a(initio.o)
 .comment       0x00000000000000fe       0x80 /usr/local/mcuxpressoide-10.3.1_2233/ide/plugins/com.nxp.mcuxpresso.tools.linux_10.3.0.201811011841/tools/bin/../lib/gcc/arm-none-eabi/7.3.1/../../../../arm-none-eabi/lib/thumb/v7e-m/fpv4-sp/hard/libcr_c.a(printf.o)
 .comment       0x00000000000000fe       0x80 /usr/local/mcuxpressoide-10.3.1_2233/ide/plugins/com.nxp.mcuxpresso.tools.linux_10.3.0.201811011841/tools/bin/../lib/gcc/arm-none-eabi/7.3.1/../../../../arm-none-eabi/lib/thumb/v7e-m/fpv4-sp/hard/libcr_c.a(setvbuf.o)
 .comment       0x00000000000000fe       0x80 /usr/local/mcuxpressoide-10.3.1_2233/ide/plugins/com.nxp.mcuxpresso.tools.linux_10.3.0.201811011841/tools/bin/../lib/gcc/arm-none-eabi/7.3.1/../../../../arm-none-eabi/lib/thumb/v7e-m/fpv4-sp/hard/libcr_c.a(strlen.o)
 .comment       0x00000000000000fe       0x80 /usr/local/mcuxpressoide-10.3.1_2233/ide/plugins/com.nxp.mcuxpresso.tools.linux_10.3.0.201811011841/tools/bin/../lib/gcc/arm-none-eabi/7.3.1/../../../../arm-none-eabi/lib/thumb/v7e-m/fpv4-sp/hard/libcr_c.a(__init_alloc.o)
 .comment       0x00000000000000fe       0x80 /usr/local/mcuxpressoide-10.3.1_2233/ide/plugins/com.nxp.mcuxpresso.tools.linux_10.3.0.201811011841/tools/bin/../lib/gcc/arm-none-eabi/7.3.1/../../../../arm-none-eabi/lib/thumb/v7e-m/fpv4-sp/hard/libcr_c.a(_cr_sbrk.o)
 .comment       0x00000000000000fe       0x80 /usr/local/mcuxpressoide-10.3.1_2233/ide/plugins/com.nxp.mcuxpresso.tools.linux_10.3.0.201811011841/tools/bin/../lib/gcc/arm-none-eabi/7.3.1/../../../../arm-none-eabi/lib/thumb/v7e-m/fpv4-sp/hard/libcr_c.a(_fdopen.o)
 .comment       0x00000000000000fe       0x80 /usr/local/mcuxpressoide-10.3.1_2233/ide/plugins/com.nxp.mcuxpresso.tools.linux_10.3.0.201811011841/tools/bin/../lib/gcc/arm-none-eabi/7.3.1/../../../../arm-none-eabi/lib/thumb/v7e-m/fpv4-sp/hard/libcr_c.a(errno.o)
 .comment       0x00000000000000fe       0x80 /usr/local/mcuxpressoide-10.3.1_2233/ide/plugins/com.nxp.mcuxpresso.tools.linux_10.3.0.201811011841/tools/bin/../lib/gcc/arm-none-eabi/7.3.1/../../../../arm-none-eabi/lib/thumb/v7e-m/fpv4-sp/hard/libcr_c.a(fclose.o)
 .comment       0x00000000000000fe       0x80 /usr/local/mcuxpressoide-10.3.1_2233/ide/plugins/com.nxp.mcuxpresso.tools.linux_10.3.0.201811011841/tools/bin/../lib/gcc/arm-none-eabi/7.3.1/../../../../arm-none-eabi/lib/thumb/v7e-m/fpv4-sp/hard/libcr_c.a(fflush.o)
 .comment       0x00000000000000fe       0x80 /usr/local/mcuxpressoide-10.3.1_2233/ide/plugins/com.nxp.mcuxpresso.tools.linux_10.3.0.201811011841/tools/bin/../lib/gcc/arm-none-eabi/7.3.1/../../../../arm-none-eabi/lib/thumb/v7e-m/fpv4-sp/hard/libcr_c.a(remove.o)
 .comment       0x00000000000000fe       0x80 /usr/local/mcuxpressoide-10.3.1_2233/ide/plugins/com.nxp.mcuxpresso.tools.linux_10.3.0.201811011841/tools/bin/../lib/gcc/arm-none-eabi/7.3.1/../../../../arm-none-eabi/lib/thumb/v7e-m/fpv4-sp/hard/libcr_c.a(_cr_check_heap.o)
 .comment       0x00000000000000fe       0x80 /usr/local/mcuxpressoide-10.3.1_2233/ide/plugins/com.nxp.mcuxpresso.tools.linux_10.3.0.201811011841/tools/bin/../lib/gcc/arm-none-eabi/7.3.1/../../../../arm-none-eabi/lib/thumb/v7e-m/fpv4-sp/hard/libcr_c.a(_do_fflush.o)

.ARM.attributes
                0x0000000000000000       0x37
 .ARM.attributes
                0x0000000000000000       0x39 ./utilities/fsl_debug_console.o
 .ARM.attributes
                0x0000000000000039       0x39 ./startup/startup_lpc5411x.o
 .ARM.attributes
                0x0000000000000072       0x39 ./source/LPC54114J256_Project.o
 .ARM.attributes
                0x00000000000000ab       0x39 ./source/semihost_hardfault.o
 .ARM.attributes
                0x00000000000000e4       0x39 ./mcmgr/mcmgr.o
 .ARM.attributes
                0x000000000000011d       0x39 ./mcmgr/mcmgr_internal_core_api_lpc54114.o
 .ARM.attributes
                0x0000000000000156       0x39 ./drivers/fsl_clock.o
 .ARM.attributes
                0x000000000000018f       0x39 ./drivers/fsl_ctimer.o
 .ARM.attributes
                0x00000000000001c8       0x39 ./drivers/fsl_flexcomm.o
 .ARM.attributes
                0x0000000000000201       0x39 ./drivers/fsl_reset.o
 .ARM.attributes
                0x000000000000023a       0x39 ./drivers/fsl_usart.o
 .ARM.attributes
                0x0000000000000273       0x39 ./device/system_LPC54114_cm4.o
 .ARM.attributes
                0x00000000000002ac       0x39 ./component/uart/usart_adapter.o
 .ARM.attributes
                0x00000000000002e5       0x39 ./component/serial_manager/serial_manager.o
 .ARM.attributes
                0x000000000000031e       0x39 ./component/serial_manager/serial_port_uart.o
 .ARM.attributes
                0x0000000000000357       0x39 ./board/board.o
 .ARM.attributes
                0x0000000000000390       0x39 ./board/clock_config.o
 .ARM.attributes
                0x00000000000003c9       0x39 ./board/peripherals.o
 .ARM.attributes
                0x0000000000000402       0x39 ./board/pin_mux.o
 .ARM.attributes
                0x000000000000043b       0x39 ./amazon-freertos/FreeRTOS/portable/port.o
 .ARM.attributes
                0x0000000000000474       0x39 ./amazon-freertos/FreeRTOS/list.o
 .ARM.attributes
                0x00000000000004ad       0x39 ./amazon-freertos/FreeRTOS/tasks.o
 .ARM.attributes
                0x00000000000004e6       0x39 /home/sukhvir/Documents/MCUXpresso_10.3.1_2233/workspace/LPC54114J256_Project/libs/libpower_cm4_hardabi.a(fsl_power_lib.o)
 .ARM.attributes
                0x000000000000051f       0x39 /usr/local/mcuxpressoide-10.3.1_2233/ide/plugins/com.nxp.mcuxpresso.tools.linux_10.3.0.201811011841/tools/bin/../lib/gcc/arm-none-eabi/7.3.1/../../../../arm-none-eabi/lib/thumb/v7e-m/fpv4-sp/hard/libcr_semihost_nf.a(_cr__main.o)
 .ARM.attributes
                0x0000000000000558       0x39 /usr/local/mcuxpressoide-10.3.1_2233/ide/plugins/com.nxp.mcuxpresso.tools.linux_10.3.0.201811011841/tools/bin/../lib/gcc/arm-none-eabi/7.3.1/../../../../arm-none-eabi/lib/thumb/v7e-m/fpv4-sp/hard/libcr_semihost_nf.a(_cr_assert.o)
 .ARM.attributes
                0x0000000000000591       0x39 /usr/local/mcuxpressoide-10.3.1_2233/ide/plugins/com.nxp.mcuxpresso.tools.linux_10.3.0.201811011841/tools/bin/../lib/gcc/arm-none-eabi/7.3.1/../../../../arm-none-eabi/lib/thumb/v7e-m/fpv4-sp/hard/libcr_semihost_nf.a(__ciob.o)
 .ARM.attributes
                0x00000000000005ca       0x25 /usr/local/mcuxpressoide-10.3.1_2233/ide/plugins/com.nxp.mcuxpresso.tools.linux_10.3.0.201811011841/tools/bin/../lib/gcc/arm-none-eabi/7.3.1/../../../../arm-none-eabi/lib/thumb/v7e-m/fpv4-sp/hard/libcr_semihost_nf.a(__sys_appexit.o)
 .ARM.attributes
                0x00000000000005ef       0x39 /usr/local/mcuxpressoide-10.3.1_2233/ide/plugins/com.nxp.mcuxpresso.tools.linux_10.3.0.201811011841/tools/bin/../lib/gcc/arm-none-eabi/7.3.1/../../../../arm-none-eabi/lib/thumb/v7e-m/fpv4-sp/hard/libcr_c.a(memset.o)
 .ARM.attributes
                0x0000000000000628       0x39 /usr/local/mcuxpressoide-10.3.1_2233/ide/plugins/com.nxp.mcuxpresso.tools.linux_10.3.0.201811011841/tools/bin/../lib/gcc/arm-none-eabi/7.3.1/../../../../arm-none-eabi/lib/thumb/v7e-m/fpv4-sp/hard/libcr_c.a(_deferredlazyseek.o)
 .ARM.attributes
                0x0000000000000661       0x39 /usr/local/mcuxpressoide-10.3.1_2233/ide/plugins/com.nxp.mcuxpresso.tools.linux_10.3.0.201811011841/tools/bin/../lib/gcc/arm-none-eabi/7.3.1/../../../../arm-none-eabi/lib/thumb/v7e-m/fpv4-sp/hard/libcr_c.a(_fflush.o)
 .ARM.attributes
                0x000000000000069a       0x39 /usr/local/mcuxpressoide-10.3.1_2233/ide/plugins/com.nxp.mcuxpresso.tools.linux_10.3.0.201811011841/tools/bin/../lib/gcc/arm-none-eabi/7.3.1/../../../../arm-none-eabi/lib/thumb/v7e-m/fpv4-sp/hard/libcr_c.a(_writebuf.o)
 .ARM.attributes
                0x00000000000006d3       0x39 /usr/local/mcuxpressoide-10.3.1_2233/ide/plugins/com.nxp.mcuxpresso.tools.linux_10.3.0.201811011841/tools/bin/../lib/gcc/arm-none-eabi/7.3.1/../../../../arm-none-eabi/lib/thumb/v7e-m/fpv4-sp/hard/libcr_c.a(alloc.o)
 .ARM.attributes
                0x000000000000070c       0x39 /usr/local/mcuxpressoide-10.3.1_2233/ide/plugins/com.nxp.mcuxpresso.tools.linux_10.3.0.201811011841/tools/bin/../lib/gcc/arm-none-eabi/7.3.1/../../../../arm-none-eabi/lib/thumb/v7e-m/fpv4-sp/hard/libcr_c.a(fputs.o)
 .ARM.attributes
                0x0000000000000745       0x39 /usr/local/mcuxpressoide-10.3.1_2233/ide/plugins/com.nxp.mcuxpresso.tools.linux_10.3.0.201811011841/tools/bin/../lib/gcc/arm-none-eabi/7.3.1/../../../../arm-none-eabi/lib/thumb/v7e-m/fpv4-sp/hard/libcr_c.a(fseek.o)
 .ARM.attributes
                0x000000000000077e       0x39 /usr/local/mcuxpressoide-10.3.1_2233/ide/plugins/com.nxp.mcuxpresso.tools.linux_10.3.0.201811011841/tools/bin/../lib/gcc/arm-none-eabi/7.3.1/../../../../arm-none-eabi/lib/thumb/v7e-m/fpv4-sp/hard/libcr_c.a(ftell.o)
 .ARM.attributes
                0x00000000000007b7       0x39 /usr/local/mcuxpressoide-10.3.1_2233/ide/plugins/com.nxp.mcuxpresso.tools.linux_10.3.0.201811011841/tools/bin/../lib/gcc/arm-none-eabi/7.3.1/../../../../arm-none-eabi/lib/thumb/v7e-m/fpv4-sp/hard/libcr_c.a(initio.o)
 .ARM.attributes
                0x00000000000007f0       0x39 /usr/local/mcuxpressoide-10.3.1_2233/ide/plugins/com.nxp.mcuxpresso.tools.linux_10.3.0.201811011841/tools/bin/../lib/gcc/arm-none-eabi/7.3.1/../../../../arm-none-eabi/lib/thumb/v7e-m/fpv4-sp/hard/libcr_c.a(printf.o)
 .ARM.attributes
                0x0000000000000829       0x39 /usr/local/mcuxpressoide-10.3.1_2233/ide/plugins/com.nxp.mcuxpresso.tools.linux_10.3.0.201811011841/tools/bin/../lib/gcc/arm-none-eabi/7.3.1/../../../../arm-none-eabi/lib/thumb/v7e-m/fpv4-sp/hard/libcr_c.a(setvbuf.o)
 .ARM.attributes
                0x0000000000000862       0x39 /usr/local/mcuxpressoide-10.3.1_2233/ide/plugins/com.nxp.mcuxpresso.tools.linux_10.3.0.201811011841/tools/bin/../lib/gcc/arm-none-eabi/7.3.1/../../../../arm-none-eabi/lib/thumb/v7e-m/fpv4-sp/hard/libcr_c.a(strlen.o)
 .ARM.attributes
                0x000000000000089b       0x39 /usr/local/mcuxpressoide-10.3.1_2233/ide/plugins/com.nxp.mcuxpresso.tools.linux_10.3.0.201811011841/tools/bin/../lib/gcc/arm-none-eabi/7.3.1/../../../../arm-none-eabi/lib/thumb/v7e-m/fpv4-sp/hard/libcr_c.a(__init_alloc.o)
 .ARM.attributes
                0x00000000000008d4       0x39 /usr/local/mcuxpressoide-10.3.1_2233/ide/plugins/com.nxp.mcuxpresso.tools.linux_10.3.0.201811011841/tools/bin/../lib/gcc/arm-none-eabi/7.3.1/../../../../arm-none-eabi/lib/thumb/v7e-m/fpv4-sp/hard/libcr_c.a(_cr_sbrk.o)
 .ARM.attributes
                0x000000000000090d       0x39 /usr/local/mcuxpressoide-10.3.1_2233/ide/plugins/com.nxp.mcuxpresso.tools.linux_10.3.0.201811011841/tools/bin/../lib/gcc/arm-none-eabi/7.3.1/../../../../arm-none-eabi/lib/thumb/v7e-m/fpv4-sp/hard/libcr_c.a(_fdopen.o)
 .ARM.attributes
                0x0000000000000946       0x39 /usr/local/mcuxpressoide-10.3.1_2233/ide/plugins/com.nxp.mcuxpresso.tools.linux_10.3.0.201811011841/tools/bin/../lib/gcc/arm-none-eabi/7.3.1/../../../../arm-none-eabi/lib/thumb/v7e-m/fpv4-sp/hard/libcr_c.a(errno.o)
 .ARM.attributes
                0x000000000000097f       0x39 /usr/local/mcuxpressoide-10.3.1_2233/ide/plugins/com.nxp.mcuxpresso.tools.linux_10.3.0.201811011841/tools/bin/../lib/gcc/arm-none-eabi/7.3.1/../../../../arm-none-eabi/lib/thumb/v7e-m/fpv4-sp/hard/libcr_c.a(fclose.o)
 .ARM.attributes
                0x00000000000009b8       0x39 /usr/local/mcuxpressoide-10.3.1_2233/ide/plugins/com.nxp.mcuxpresso.tools.linux_10.3.0.201811011841/tools/bin/../lib/gcc/arm-none-eabi/7.3.1/../../../../arm-none-eabi/lib/thumb/v7e-m/fpv4-sp/hard/libcr_c.a(fflush.o)
 .ARM.attributes
                0x00000000000009f1       0x39 /usr/local/mcuxpressoide-10.3.1_2233/ide/plugins/com.nxp.mcuxpresso.tools.linux_10.3.0.201811011841/tools/bin/../lib/gcc/arm-none-eabi/7.3.1/../../../../arm-none-eabi/lib/thumb/v7e-m/fpv4-sp/hard/libcr_c.a(remove.o)
 .ARM.attributes
                0x0000000000000a2a       0x39 /usr/local/mcuxpressoide-10.3.1_2233/ide/plugins/com.nxp.mcuxpresso.tools.linux_10.3.0.201811011841/tools/bin/../lib/gcc/arm-none-eabi/7.3.1/../../../../arm-none-eabi/lib/thumb/v7e-m/fpv4-sp/hard/libcr_c.a(_cr_check_heap.o)
 .ARM.attributes
                0x0000000000000a63       0x39 /usr/local/mcuxpressoide-10.3.1_2233/ide/plugins/com.nxp.mcuxpresso.tools.linux_10.3.0.201811011841/tools/bin/../lib/gcc/arm-none-eabi/7.3.1/../../../../arm-none-eabi/lib/thumb/v7e-m/fpv4-sp/hard/libcr_c.a(_do_fflush.o)
 .ARM.attributes
                0x0000000000000a9c       0x25 /usr/local/mcuxpressoide-10.3.1_2233/ide/plugins/com.nxp.mcuxpresso.tools.linux_10.3.0.201811011841/tools/bin/../lib/gcc/arm-none-eabi/7.3.1/thumb/v7e-m/fpv4-sp/hard/libcr_eabihelpers.a(division_64.o)
 .ARM.attributes
                0x0000000000000ac1       0x25 /usr/local/mcuxpressoide-10.3.1_2233/ide/plugins/com.nxp.mcuxpresso.tools.linux_10.3.0.201811011841/tools/bin/../lib/gcc/arm-none-eabi/7.3.1/thumb/v7e-m/fpv4-sp/hard/libcr_eabihelpers.a(division_idiv0.o)
 .ARM.attributes